ARM Linker, 5.03 [Build 76] [MDK-ARM Standard]

==============================================================================

Section Cross References

    startup_stm32f40_41xxx.o(RESET) refers to startup_stm32f40_41xxx.o(STACK) for __initial_sp
    startup_stm32f40_41xxx.o(RESET) refers to startup_stm32f40_41xxx.o(.text) for Reset_Handler
    startup_stm32f40_41xxx.o(RESET) refers to hdspi.o(i.DMA1_Stream0_IRQHandler) for DMA1_Stream0_IRQHandler
    startup_stm32f40_41xxx.o(RESET) refers to hdspi.o(i.DMA1_Stream3_IRQHandler) for DMA1_Stream3_IRQHandler
    startup_stm32f40_41xxx.o(RESET) refers to hdspi.o(i.DMA1_Stream4_IRQHandler) for DMA1_Stream4_IRQHandler
    startup_stm32f40_41xxx.o(RESET) refers to interface.o(i.USART1_IRQHandler) for USART1_IRQHandler
    startup_stm32f40_41xxx.o(RESET) refers to hdspi.o(i.DMA1_Stream7_IRQHandler) for DMA1_Stream7_IRQHandler
    startup_stm32f40_41xxx.o(RESET) refers to hdspi.o(i.DMA2_Stream0_IRQHandler) for DMA2_Stream0_IRQHandler
    startup_stm32f40_41xxx.o(RESET) refers to hdspi.o(i.DMA2_Stream5_IRQHandler) for DMA2_Stream5_IRQHandler
    startup_stm32f40_41xxx.o(.text) refers to hardware.o(i.SystemInit) for SystemInit
    startup_stm32f40_41xxx.o(.text) refers to entry.o(.ARM.Collect$$$$00000000) for __main
    main.o(i.main) refers to hdinterrupt.o(i.hdIntSwitchInterruptToRAM) for hdIntSwitchInterruptToRAM
    main.o(i.main) refers to hardware.o(i.Init) for Init
    main.o(i.main) refers to spi_tets.o(i.SPI_BuferTransferInit) for SPI_BuferTransferInit
    spi_tets.o(i.SPI_BuferTransferInit) refers to hdspi.o(i.SPI3_Init) for SPI3_Init
    spi_tets.o(i.SPI_BuferTransferInit) refers to hdspi.o(i.SPI3_DMA_Init) for SPI3_DMA_Init
    spi_tets.o(i.SPI_BuferTransferInit) refers to hdspi.o(i.SPI3_GPIO_ON) for SPI3_GPIO_ON
    spi_tets.o(i.SPI_BuferTransferInit) refers to hdspi.o(i.SPI3_DMA_SetInterrupt) for SPI3_DMA_SetInterrupt
    spi_tets.o(i.SPI_BuferTransferInit) refers to hdspi.o(i.SPI3_DMA_SetUp) for SPI3_DMA_SetUp
    spi_tets.o(i.SPI_BuferTransferInit) refers to hdspi.o(i.SPI3_DMA_Start) for SPI3_DMA_Start
    spi_tets.o(i.SPI_BuferTransferInit) refers to spi_tets.o(i.lerfuSpiBufEvent) for lerfuSpiBufEvent
    spi_tets.o(i.SPI_BuferTransferInit) refers to spi_tets.o(.data) for .data
    spi_tets.o(i.SPI_BuferTransferStart) refers to hdspi.o(i.SPI3_DMA_SetUp) for SPI3_DMA_SetUp
    spi_tets.o(i.SPI_BuferTransferStart) refers to hdspi.o(i.SPI3_DMA_Start) for SPI3_DMA_Start
    spi_tets.o(i.SPI_BuferTransferStart) refers to spi_tets.o(.data) for .data
    spi_tets.o(i.lerfuSpiBufEvent) refers to hdspi.o(i.SPI3_DMA_End) for SPI3_DMA_End
    spi_tets.o(i.lerfuSpiBufEvent) refers to hdspi.o(i.SPI3_DMA_SetUp) for SPI3_DMA_SetUp
    spi_tets.o(i.lerfuSpiBufEvent) refers to hdspi.o(i.SPI3_DMA_Start) for SPI3_DMA_Start
    spi_tets.o(i.lerfuSpiBufEvent) refers to spi_tets.o(.data) for .data
    stm32f4xx_adc.o(i.ADC_DeInit) refers to stm32f4xx_rcc.o(i.RCC_APB2PeriphResetCmd) for RCC_APB2PeriphResetCmd
    stm32f4xx_can.o(i.CAN_DeInit) refers to stm32f4xx_rcc.o(i.RCC_APB1PeriphResetCmd) for RCC_APB1PeriphResetCmd
    stm32f4xx_can.o(i.CAN_GetITStatus) refers to stm32f4xx_can.o(i.CheckITStatus) for CheckITStatus
    stm32f4xx_cryp.o(i.CRYP_DeInit) refers to stm32f4xx_rcc.o(i.RCC_AHB2PeriphResetCmd) for RCC_AHB2PeriphResetCmd
    stm32f4xx_cryp_aes.o(i.CRYP_AES_CBC) refers to stm32f4xx_cryp.o(i.CRYP_KeyStructInit) for CRYP_KeyStructInit
    stm32f4xx_cryp_aes.o(i.CRYP_AES_CBC) refers to stm32f4xx_cryp.o(i.CRYP_KeyInit) for CRYP_KeyInit
    stm32f4xx_cryp_aes.o(i.CRYP_AES_CBC) refers to stm32f4xx_cryp.o(i.CRYP_Init) for CRYP_Init
    stm32f4xx_cryp_aes.o(i.CRYP_AES_CBC) refers to stm32f4xx_cryp.o(i.CRYP_IVInit) for CRYP_IVInit
    stm32f4xx_cryp_aes.o(i.CRYP_AES_CBC) refers to stm32f4xx_cryp.o(i.CRYP_FIFOFlush) for CRYP_FIFOFlush
    stm32f4xx_cryp_aes.o(i.CRYP_AES_CBC) refers to stm32f4xx_cryp.o(i.CRYP_Cmd) for CRYP_Cmd
    stm32f4xx_cryp_aes.o(i.CRYP_AES_CBC) refers to stm32f4xx_cryp.o(i.CRYP_GetFlagStatus) for CRYP_GetFlagStatus
    stm32f4xx_cryp_aes.o(i.CRYP_AES_CBC) refers to stm32f4xx_cryp.o(i.CRYP_DataIn) for CRYP_DataIn
    stm32f4xx_cryp_aes.o(i.CRYP_AES_CBC) refers to stm32f4xx_cryp.o(i.CRYP_DataOut) for CRYP_DataOut
    stm32f4xx_cryp_aes.o(i.CRYP_AES_CTR) refers to stm32f4xx_cryp.o(i.CRYP_KeyStructInit) for CRYP_KeyStructInit
    stm32f4xx_cryp_aes.o(i.CRYP_AES_CTR) refers to stm32f4xx_cryp.o(i.CRYP_KeyInit) for CRYP_KeyInit
    stm32f4xx_cryp_aes.o(i.CRYP_AES_CTR) refers to stm32f4xx_cryp.o(i.CRYP_Init) for CRYP_Init
    stm32f4xx_cryp_aes.o(i.CRYP_AES_CTR) refers to stm32f4xx_cryp.o(i.CRYP_IVInit) for CRYP_IVInit
    stm32f4xx_cryp_aes.o(i.CRYP_AES_CTR) refers to stm32f4xx_cryp.o(i.CRYP_FIFOFlush) for CRYP_FIFOFlush
    stm32f4xx_cryp_aes.o(i.CRYP_AES_CTR) refers to stm32f4xx_cryp.o(i.CRYP_Cmd) for CRYP_Cmd
[...]
    Removing stm32f4xx_sdio.o(i.SDIO_SendCEATACmd), (12 bytes).
    Removing stm32f4xx_sdio.o(i.SDIO_SendCommand), (40 bytes).
    Removing stm32f4xx_sdio.o(i.SDIO_SendSDIOSuspendCmd), (12 bytes).
    Removing stm32f4xx_sdio.o(i.SDIO_SetPowerState), (12 bytes).
    Removing stm32f4xx_sdio.o(i.SDIO_SetSDIOOperation), (12 bytes).
    Removing stm32f4xx_sdio.o(i.SDIO_SetSDIOReadWaitMode), (12 bytes).
    Removing stm32f4xx_sdio.o(i.SDIO_StartSDIOReadWait), (12 bytes).
    Removing stm32f4xx_sdio.o(i.SDIO_StopSDIOReadWait), (12 bytes).
    Removing stm32f4xx_sdio.o(i.SDIO_StructInit), (16 bytes).
    Removing stm32f4xx_sdio.o(i.SDIO_WriteData), (12 bytes).
    Removing stm32f4xx_spi.o(.rev16_text), (4 bytes).
    Removing stm32f4xx_spi.o(.revsh_text), (4 bytes).
    Removing stm32f4xx_spi.o(i.I2S_Cmd), (20 bytes).
    Removing stm32f4xx_spi.o(i.I2S_FullDuplexConfig), (58 bytes).
    Removing stm32f4xx_spi.o(i.I2S_Init), (200 bytes).
    Removing stm32f4xx_spi.o(i.I2S_StructInit), (18 bytes).
    Removing stm32f4xx_spi.o(i.SPI_BiDirectionalLineConfig), (22 bytes).
    Removing stm32f4xx_spi.o(i.SPI_CalculateCRC), (20 bytes).
    Removing stm32f4xx_spi.o(i.SPI_DataSizeConfig), (16 bytes).
    Removing stm32f4xx_spi.o(i.SPI_GetCRC), (12 bytes).
    Removing stm32f4xx_spi.o(i.SPI_GetCRCPolynomial), (4 bytes).
    Removing stm32f4xx_spi.o(i.SPI_I2S_ClearFlag), (6 bytes).
    Removing stm32f4xx_spi.o(i.SPI_I2S_ClearITPendingBit), (14 bytes).
    Removing stm32f4xx_spi.o(i.SPI_I2S_DMACmd), (16 bytes).
    Removing stm32f4xx_spi.o(i.SPI_I2S_DeInit), (84 bytes).
    Removing stm32f4xx_spi.o(i.SPI_I2S_GetFlagStatus), (14 bytes).
    Removing stm32f4xx_spi.o(i.SPI_I2S_GetITStatus), (42 bytes).
    Removing stm32f4xx_spi.o(i.SPI_I2S_ITConfig), (24 bytes).
    Removing stm32f4xx_spi.o(i.SPI_I2S_ReceiveData), (4 bytes).
    Removing stm32f4xx_spi.o(i.SPI_I2S_SendData), (4 bytes).
    Removing stm32f4xx_spi.o(i.SPI_NSSInternalSoftwareConfig), (24 bytes).
    Removing stm32f4xx_spi.o(i.SPI_SSOutputCmd), (20 bytes).
    Removing stm32f4xx_spi.o(i.SPI_StructInit), (24 bytes).
    Removing stm32f4xx_spi.o(i.SPI_TIModeCmd), (20 bytes).
    Removing stm32f4xx_spi.o(i.SPI_TransmitCRC), (10 bytes).
    Removing stm32f4xx_syscfg.o(.rev16_text), (4 bytes).
    Removing stm32f4xx_syscfg.o(.revsh_text), (4 bytes).
    Removing stm32f4xx_syscfg.o(i.SYSCFG_CompensationCellCmd), (12 bytes).
    Removing stm32f4xx_syscfg.o(i.SYSCFG_DeInit), (24 bytes).
    Removing stm32f4xx_syscfg.o(i.SYSCFG_ETH_MediaInterfaceConfig), (12 bytes).
    Removing stm32f4xx_syscfg.o(i.SYSCFG_EXTILineConfig), (40 bytes).
    Removing stm32f4xx_syscfg.o(i.SYSCFG_GetCompensationCellStatus), (20 bytes).
    Removing stm32f4xx_syscfg.o(i.SYSCFG_MemoryRemapConfig), (12 bytes).
    Removing stm32f4xx_tim.o(.rev16_text), (4 bytes).
    Removing stm32f4xx_tim.o(.revsh_text), (4 bytes).
    Removing stm32f4xx_tim.o(i.TI1_Config), (46 bytes).
    Removing stm32f4xx_tim.o(i.TI2_Config), (54 bytes).
    Removing stm32f4xx_tim.o(i.TIM_ARRPreloadConfig), (20 bytes).
    Removing stm32f4xx_tim.o(i.TIM_BDTRConfig), (34 bytes).
    Removing stm32f4xx_tim.o(i.TIM_BDTRStructInit), (18 bytes).
    Removing stm32f4xx_tim.o(i.TIM_CCPreloadControl), (20 bytes).
    Removing stm32f4xx_tim.o(i.TIM_CCxCmd), (22 bytes).
    Removing stm32f4xx_tim.o(i.TIM_CCxNCmd), (22 bytes).
    Removing stm32f4xx_tim.o(i.TIM_ClearFlag), (6 bytes).
    Removing stm32f4xx_tim.o(i.TIM_ClearITPendingBit), (6 bytes).
    Removing stm32f4xx_tim.o(i.TIM_ClearOC1Ref), (12 bytes).
    Removing stm32f4xx_tim.o(i.TIM_ClearOC2Ref), (20 bytes).
    Removing stm32f4xx_tim.o(i.TIM_ClearOC3Ref), (12 bytes).
    Removing stm32f4xx_tim.o(i.TIM_ClearOC4Ref), (20 bytes).
    Removing stm32f4xx_tim.o(i.TIM_Cmd), (20 bytes).
    Removing stm32f4xx_tim.o(i.TIM_CounterModeConfig), (12 bytes).
    Removing stm32f4xx_tim.o(i.TIM_CtrlPWMOutputs), (22 bytes).
    Removing stm32f4xx_tim.o(i.TIM_DMACmd), (16 bytes).
    Removing stm32f4xx_tim.o(i.TIM_DMAConfig), (8 bytes).
    Removing stm32f4xx_tim.o(i.TIM_DeInit), (336 bytes).
    Removing stm32f4xx_tim.o(i.TIM_ETRClockMode1Config), (18 bytes).
    Removing stm32f4xx_tim.o(i.TIM_ETRClockMode2Config), (18 bytes).
    Removing stm32f4xx_tim.o(i.TIM_ETRConfig), (24 bytes).
    Removing stm32f4xx_tim.o(i.TIM_EncoderInterfaceConfig), (50 bytes).
    Removing stm32f4xx_tim.o(i.TIM_ForcedOC1Config), (12 bytes).
    Removing stm32f4xx_tim.o(i.TIM_ForcedOC2Config), (20 bytes).
    Removing stm32f4xx_tim.o(i.TIM_ForcedOC3Config), (12 bytes).
    Removing stm32f4xx_tim.o(i.TIM_ForcedOC4Config), (20 bytes).
    Removing stm32f4xx_tim.o(i.TIM_GenerateEvent), (4 bytes).
    Removing stm32f4xx_tim.o(i.TIM_GetCapture1), (4 bytes).
    Removing stm32f4xx_tim.o(i.TIM_GetCapture2), (4 bytes).
    Removing stm32f4xx_tim.o(i.TIM_GetCapture3), (4 bytes).
    Removing stm32f4xx_tim.o(i.TIM_GetCapture4), (4 bytes).
    Removing stm32f4xx_tim.o(i.TIM_GetCounter), (4 bytes).
    Removing stm32f4xx_tim.o(i.TIM_GetFlagStatus), (14 bytes).
    Removing stm32f4xx_tim.o(i.TIM_GetITStatus), (24 bytes).
    Removing stm32f4xx_tim.o(i.TIM_GetPrescaler), (4 bytes).
    Removing stm32f4xx_tim.o(i.TIM_ICInit), (172 bytes).
    Removing stm32f4xx_tim.o(i.TIM_ICStructInit), (16 bytes).
    Removing stm32f4xx_tim.o(i.TIM_ITConfig), (16 bytes).
    Removing stm32f4xx_tim.o(i.TIM_ITRxExternalClockConfig), (18 bytes).
    Removing stm32f4xx_tim.o(i.TIM_InternalClockConfig), (10 bytes).
    Removing stm32f4xx_tim.o(i.TIM_OC1FastConfig), (12 bytes).
    Removing stm32f4xx_tim.o(i.TIM_OC1Init), (96 bytes).
    Removing stm32f4xx_tim.o(i.TIM_OC1NPolarityConfig), (12 bytes).
    Removing stm32f4xx_tim.o(i.TIM_OC1PolarityConfig), (12 bytes).
    Removing stm32f4xx_tim.o(i.TIM_OC1PreloadConfig), (12 bytes).
    Removing stm32f4xx_tim.o(i.TIM_OC2FastConfig), (20 bytes).
    Removing stm32f4xx_tim.o(i.TIM_OC2Init), (128 bytes).
    Removing stm32f4xx_tim.o(i.TIM_OC2NPolarityConfig), (20 bytes).
    Removing stm32f4xx_tim.o(i.TIM_OC2PolarityConfig), (20 bytes).
    Removing stm32f4xx_tim.o(i.TIM_OC2PreloadConfig), (20 bytes).
    Removing stm32f4xx_tim.o(i.TIM_OC3FastConfig), (12 bytes).
    Removing stm32f4xx_tim.o(i.TIM_OC3Init), (124 bytes).
    Removing stm32f4xx_tim.o(i.TIM_OC3NPolarityConfig), (20 bytes).
    Removing stm32f4xx_tim.o(i.TIM_OC3PolarityConfig), (20 bytes).
    Removing stm32f4xx_tim.o(i.TIM_OC3PreloadConfig), (12 bytes).
    Removing stm32f4xx_tim.o(i.TIM_OC4FastConfig), (20 bytes).
    Removing stm32f4xx_tim.o(i.TIM_OC4Init), (96 bytes).
    Removing stm32f4xx_tim.o(i.TIM_OC4PolarityConfig), (20 bytes).
    Removing stm32f4xx_tim.o(i.TIM_OC4PreloadConfig), (20 bytes).
    Removing stm32f4xx_tim.o(i.TIM_OCStructInit), (20 bytes).
    Removing stm32f4xx_tim.o(i.TIM_PWMIConfig), (108 bytes).
    Removing stm32f4xx_tim.o(i.TIM_PrescalerConfig), (6 bytes).
    Removing stm32f4xx_tim.o(i.TIM_RemapConfig), (6 bytes).
    Removing stm32f4xx_tim.o(i.TIM_SelectCCDMA), (20 bytes).
    Removing stm32f4xx_tim.o(i.TIM_SelectCOM), (20 bytes).
    Removing stm32f4xx_tim.o(i.TIM_SelectHallSensor), (20 bytes).
    Removing stm32f4xx_tim.o(i.TIM_SelectInputTrigger), (12 bytes).
    Removing stm32f4xx_tim.o(i.TIM_SelectMasterSlaveMode), (16 bytes).
    Removing stm32f4xx_tim.o(i.TIM_SelectOCxM), (74 bytes).
    Removing stm32f4xx_tim.o(i.TIM_SelectOnePulseMode), (16 bytes).
    Removing stm32f4xx_tim.o(i.TIM_SelectOutputTrigger), (16 bytes).
    Removing stm32f4xx_tim.o(i.TIM_SelectSlaveMode), (16 bytes).
    Removing stm32f4xx_tim.o(i.TIM_SetAutoreload), (4 bytes).
    Removing stm32f4xx_tim.o(i.TIM_SetClockDivision), (16 bytes).
    Removing stm32f4xx_tim.o(i.TIM_SetCompare1), (4 bytes).
    Removing stm32f4xx_tim.o(i.TIM_SetCompare2), (4 bytes).
    Removing stm32f4xx_tim.o(i.TIM_SetCompare3), (4 bytes).
    Removing stm32f4xx_tim.o(i.TIM_SetCompare4), (4 bytes).
    Removing stm32f4xx_tim.o(i.TIM_SetCounter), (4 bytes).
    Removing stm32f4xx_tim.o(i.TIM_SetIC1Prescaler), (16 bytes).
    Removing stm32f4xx_tim.o(i.TIM_SetIC2Prescaler), (24 bytes).
    Removing stm32f4xx_tim.o(i.TIM_SetIC3Prescaler), (16 bytes).
    Removing stm32f4xx_tim.o(i.TIM_SetIC4Prescaler), (24 bytes).
    Removing stm32f4xx_tim.o(i.TIM_TIxExternalClockConfig), (46 bytes).
    Removing stm32f4xx_tim.o(i.TIM_TimeBaseInit), (124 bytes).
    Removing stm32f4xx_tim.o(i.TIM_TimeBaseStructInit), (18 bytes).
    Removing stm32f4xx_tim.o(i.TIM_UpdateDisableConfig), (20 bytes).
    Removing stm32f4xx_tim.o(i.TIM_UpdateRequestConfig), (20 bytes).
    Removing stm32f4xx_usart.o(.rev16_text), (4 bytes).
    Removing stm32f4xx_usart.o(.revsh_text), (4 bytes).
    Removing stm32f4xx_usart.o(i.USART_ClearFlag), (6 bytes).
    Removing stm32f4xx_usart.o(i.USART_ClearITPendingBit), (12 bytes).
    Removing stm32f4xx_usart.o(i.USART_ClockInit), (28 bytes).
    Removing stm32f4xx_usart.o(i.USART_ClockStructInit), (12 bytes).
    Removing stm32f4xx_usart.o(i.USART_Cmd), (20 bytes).
    Removing stm32f4xx_usart.o(i.USART_DMACmd), (16 bytes).
    Removing stm32f4xx_usart.o(i.USART_DeInit), (140 bytes).
    Removing stm32f4xx_usart.o(i.USART_GetFlagStatus), (14 bytes).
    Removing stm32f4xx_usart.o(i.USART_HalfDuplexCmd), (20 bytes).
    Removing stm32f4xx_usart.o(i.USART_Init), (184 bytes).
    Removing stm32f4xx_usart.o(i.USART_IrDACmd), (20 bytes).
    Removing stm32f4xx_usart.o(i.USART_IrDAConfig), (16 bytes).
    Removing stm32f4xx_usart.o(i.USART_LINBreakDetectLengthConfig), (16 bytes).
    Removing stm32f4xx_usart.o(i.USART_LINCmd), (20 bytes).
    Removing stm32f4xx_usart.o(i.USART_OneBitMethodCmd), (20 bytes).
    Removing stm32f4xx_usart.o(i.USART_OverSampling8Cmd), (20 bytes).
    Removing stm32f4xx_usart.o(i.USART_ReceiverWakeUpCmd), (20 bytes).
    Removing stm32f4xx_usart.o(i.USART_SendBreak), (10 bytes).
    Removing stm32f4xx_usart.o(i.USART_SetAddress), (16 bytes).
    Removing stm32f4xx_usart.o(i.USART_SetGuardTime), (16 bytes).
    Removing stm32f4xx_usart.o(i.USART_SetPrescaler), (16 bytes).
    Removing stm32f4xx_usart.o(i.USART_SmartCardCmd), (20 bytes).
    Removing stm32f4xx_usart.o(i.USART_SmartCardNACKCmd), (20 bytes).
    Removing stm32f4xx_usart.o(i.USART_StructInit), (22 bytes).
    Removing stm32f4xx_usart.o(i.USART_WakeUpConfig), (16 bytes).
    Removing stm32f4xx_wwdg.o(.rev16_text), (4 bytes).
    Removing stm32f4xx_wwdg.o(.revsh_text), (4 bytes).
    Removing stm32f4xx_wwdg.o(i.WWDG_ClearFlag), (12 bytes).
    Removing stm32f4xx_wwdg.o(i.WWDG_DeInit), (24 bytes).
    Removing stm32f4xx_wwdg.o(i.WWDG_Enable), (16 bytes).
    Removing stm32f4xx_wwdg.o(i.WWDG_EnableIT), (12 bytes).
    Removing stm32f4xx_wwdg.o(i.WWDG_GetFlagStatus), (20 bytes).
    Removing stm32f4xx_wwdg.o(i.WWDG_SetCounter), (16 bytes).
    Removing stm32f4xx_wwdg.o(i.WWDG_SetPrescaler), (20 bytes).
    Removing stm32f4xx_wwdg.o(i.WWDG_SetWindowValue), (28 bytes).
    Removing rb_base64m.o(.rev16_text), (4 bytes).
    Removing rb_base64m.o(.revsh_text), (4 bytes).
    Removing rb_base64m.o(i.BASE64_T_TBD), (22 bytes).
    Removing rb_base64m.o(i.BASE64m_DeCode), (212 bytes).
    Removing rb_base64m.o(i.BASE64m_DeCodeStart), (8 bytes).
    Removing rb_base64m.o(i.BASE64m_DeCodeStep), (168 bytes).
    Removing rb_base64m.o(i.BASE64m_EnCode), (106 bytes).
    Removing rb_base64m.o(i.BASE64m_EnCodeFlush), (28 bytes).
    Removing rb_base64m.o(i.BASE64m_EnCodeStart), (8 bytes).
    Removing rb_base64m.o(i.BASE64m_EnCodeStep), (98 bytes).
    Removing rb_base64m.o(i.BASE64m_EnCodeStepD), (202 bytes).
    Removing rb_base64m.o(i.BASE64m_EnCodeStepPTR), (26 bytes).
    Removing rb_base64m.o(i.BASE64m_Init), (4 bytes).
    Removing rb_base64m.o(.data), (8 bytes).
    Removing rb_crc16.o(.rev16_text), (4 bytes).
    Removing rb_crc16.o(.revsh_text), (4 bytes).
    Removing rb_crc16.o(i.crc16_blk), (44 bytes).
    Removing rb_crc16.o(i.crc16_blk_CCITT), (44 bytes).
    Removing rb_crc16.o(i.crc16_byte), (24 bytes).
    Removing rb_crc16.o(i.crc16_str_CCITT), (48 bytes).
    Removing rb_crctbl.o(.rev16_text), (4 bytes).
    Removing rb_crctbl.o(.revsh_text), (4 bytes).
    Removing rb_crctbl.o(i.TBCRC16_BUF), (152 bytes).
    Removing rb_crctbl.o(i.TBCRC16_BYTE), (16 bytes).
    Removing rb_crctbl.o(i.TBCRC16_BlockCheck), (216 bytes).
    Removing rb_crctbl.o(.constdata), (514 bytes).
    Removing rb_fifo.o(.rev16_text), (4 bytes).
    Removing rb_fifo.o(.revsh_text), (4 bytes).
    Removing rb_fifo.o(i.rb_fifo_clear), (12 bytes).
    Removing rb_fifo.o(i.rb_fifo_flush), (36 bytes).
    Removing rb_fifo.o(i.rb_fifo_ofs_rd), (22 bytes).
    Removing rb_fifo.o(i.rb_fifo_ofs_rd_D), (18 bytes).
    Removing rb_fifo.o(i.rb_fifo_ofs_rd_T), (18 bytes).
    Removing rb_fifo.o(i.rb_fifo_ofs_rd_W), (22 bytes).
    Removing rb_fifo.o(i.rb_fifo_ofs_rd_blk), (140 bytes).
    Removing rb_fifo.o(i.rb_fifo_ofs_rd_blk_is), (148 bytes).
    Removing rb_fifo.o(i.rb_fifo_rd_D), (98 bytes).
    Removing rb_fifo.o(i.rb_fifo_rd_W), (104 bytes).
    Removing rb_fifo.o(i.rb_fifo_rd_blk), (110 bytes).
    Removing rb_fifo.o(i.rb_fifo_wr), (36 bytes).
    Removing rb_fifo.o(i.rb_fifo_wr_D), (14 bytes).
    Removing rb_fifo.o(i.rb_fifo_wr_W), (14 bytes).
    Removing rb_fifo.o(i.rb_fifo_wr_blkA), (140 bytes).
    Removing rb_fifo.o(i.rb_fifo_wr_wait), (54 bytes).
    Removing rb_strnum.o(.rev16_text), (4 bytes).
    Removing rb_strnum.o(.revsh_text), (4 bytes).
    Removing rb_strnum.o(i.FloatToStr), (216 bytes).
    Removing rb_strnum.o(i.rbGetVar), (64 bytes).
    Removing rb_strnum.o(i.rbGetVarBIN), (214 bytes).
    Removing rb_strnum.o(i.rbGetVarDEC), (214 bytes).
    Removing rb_strnum.o(i.rbGetVarFLOAT), (416 bytes).
    Removing rb_strnum.o(i.rbGetVarHEX), (292 bytes).
    Removing rb_strnum.o(i.rb_FloatToStr), (252 bytes).
    Removing rb_strnum.o(i.rb_Pow), (22 bytes).
    Removing rb_strnum.o(i.rbsnGetBIN), (12 bytes).
    Removing rb_strnum.o(i.rbsnGetDEC), (12 bytes).
    Removing rb_strnum.o(i.rbsnGetHEX), (42 bytes).
    Removing rb_strnum.o(.bss), (40 bytes).
    Removing rb_util.o(.rev16_text), (4 bytes).
    Removing rb_util.o(.revsh_text), (4 bytes).
    Removing rb_util.o(i.rb_CompareSTR), (32 bytes).
    Removing rb_util.o(i.rb_CopyBlock), (84 bytes).
    Removing rb_util.o(i.rb_CopyBlockMaxSize), (92 bytes).
    Removing rb_util.o(i.rb_CopySTR), (20 bytes).
    Removing rb_util.o(i.rb_FillChar), (68 bytes).
    Removing rb_util.o(i.rb_HexGet), (42 bytes).
    Removing rb_util.o(i.rb_HexToInt), (70 bytes).
    Removing rb_util.o(i.rb_IntToBIN), (8 bytes).
    Removing rb_util.o(i.rb_IntToHEX), (8 bytes).
    Removing rb_util.o(i.rb_IntToProc), (436 bytes).
    Removing rb_util.o(i.rb_IntToStr), (8 bytes).
    Removing rb_util.o(i.rb_LengthSTR), (22 bytes).
    Removing rb_util.o(i.rb_MaxD), (8 bytes).
    Removing rb_util.o(i.rb_RangeS32), (16 bytes).
    Removing rb_util.o(i.rb_RangeU32), (16 bytes).
    Removing rb_util.o(i.rb_RolBlock), (88 bytes).
    Removing rb_util.o(i.rb_StrIns), (174 bytes).
    Removing rb_util.o(i.rb_StrSet), (16 bytes).
    Removing rb_util.o(.constdata), (256 bytes).
    Removing rb_util_ext.o(.rev16_text), (4 bytes).
    Removing rb_util_ext.o(.revsh_text), (4 bytes).
    Removing rb_util_ext.o(i.strDelSpace), (56 bytes).
    Removing rb_util_ext.o(i.strDivByDEC), (176 bytes).
    Removing rb_util_ext.o(i.strDivFixFirstZerroPoint), (32 bytes).
    Removing rb_util_ext.o(i.strIsDelimiter), (60 bytes).
    Removing rb_util_ext.o(.constdata), (2 bytes).
    Removing rbstm32deviceinfo.o(.rev16_text), (4 bytes).
    Removing rbstm32deviceinfo.o(.revsh_text), (4 bytes).
    Removing rbstm32deviceinfo.o(i.rbDeviceInfoGetDEVID), (32 bytes).
    Removing rbstm32deviceinfo.o(i.rbDeviceInfoGetFlashSize), (76 bytes).
    Removing rbstm32deviceinfo.o(i.rbDeviceInfoGetREVID), (36 bytes).
    Removing rbstm32deviceinfo.o(i.rbDeviceInfoGetUID), (32 bytes).
    Removing rbstm32deviceinfo.o(i.rbDeviceInfoInit), (4 bytes).
    Removing rbstm32deviceinfo.o(i.rbDeviceInfoSetUpPointers), (420 bytes).
    Removing rbstm32deviceinfo.o(.data), (16 bytes).
    Removing cortex_rb_sys.o(.rev16_text), (4 bytes).
    Removing cortex_rb_sys.o(.revsh_text), (4 bytes).
    Removing hardware.o(.rev16_text), (4 bytes).
    Removing hardware.o(.revsh_text), (4 bytes).
    Removing hardware.o(i.MCO_Config), (160 bytes).
    Removing hardware.o(i.SelectInitGPIOOLD), (32 bytes).
    Removing hardware.o(.data), (1 bytes).
    Removing hdadc.o(.rev16_text), (4 bytes).
    Removing hdadc.o(.revsh_text), (4 bytes).
    Removing hdadc.o(i.Read_ADC_GroupBIT), (100 bytes).
    Removing hdadc.o(i.Setup_ADC), (128 bytes).
    Removing hdfsmc.o(.rev16_text), (4 bytes).
    Removing hdfsmc.o(.revsh_text), (4 bytes).
    Removing hdfsmc.o(i.FSMC_Init), (448 bytes).
    Removing hdi2c.o(.rev16_text), (4 bytes).
    Removing hdi2c.o(.revsh_text), (4 bytes).
    Removing hdi2c.o(i.hdI2C_DoError), (96 bytes).
    Removing hdi2c.o(i.hdI2C_ErrorLast), (60 bytes).
    Removing hdi2c.o(i.hdI2C_ErrorUpdate), (48 bytes).
    Removing hdi2c.o(i.hdI2C_Init), (228 bytes).
    Removing hdi2c.o(i.hdI2C_IsDeviceConnected), (52 bytes).
    Removing hdi2c.o(i.hdI2C_Read), (92 bytes).
    Removing hdi2c.o(i.hdI2C_ReadAck), (144 bytes).
    Removing hdi2c.o(i.hdI2C_ReadMulti), (280 bytes).
    Removing hdi2c.o(i.hdI2C_ReadMultiNoRegister), (216 bytes).
    Removing hdi2c.o(i.hdI2C_ReadNack), (152 bytes).
    Removing hdi2c.o(i.hdI2C_ReadNoRegister), (28 bytes).
    Removing hdi2c.o(i.hdI2C_Start), (424 bytes).
    Removing hdi2c.o(i.hdI2C_Stop), (156 bytes).
    Removing hdi2c.o(i.hdI2C_Write), (112 bytes).
    Removing hdi2c.o(i.hdI2C_WriteData), (52 bytes).
    Removing hdi2c.o(i.hdI2C_WriteMulti), (144 bytes).
    Removing hdi2c.o(i.hdI2C_WriteMultiNoRegister), (104 bytes).
    Removing hdi2c.o(i.hdI2C_WriteNoRegister), (72 bytes).
    Removing hdi2c.o(.data), (28 bytes).
    Removing hdi2c_cfg.o(.rev16_text), (4 bytes).
    Removing hdi2c_cfg.o(.revsh_text), (4 bytes).
    Removing hdi2c_cfg.o(i.hdI2C1_INT_InitPins), (148 bytes).
    Removing hdi2c_cfg.o(i.hdI2C2_INT_InitPins), (24 bytes).
    Removing hdi2c_cfg.o(i.hdI2C3_INT_InitPins), (24 bytes).
    Removing hdi2c_cfg.o(.data), (3 bytes).
    Removing hdinterrupt.o(.rev16_text), (4 bytes).
    Removing hdinterrupt.o(.revsh_text), (4 bytes).
    Removing hdinterrupt.o(i.hdIntSetVector), (16 bytes).
    Removing hdports.o(.rev16_text), (4 bytes).
    Removing hdports.o(.revsh_text), (4 bytes).
    Removing hdports.o(i.hdGPIO_Active), (98 bytes).
    Removing hdports.o(i.hdGPIO_Init), (104 bytes).
    Removing hdports.o(i.hdGPIO_SetGetMode), (28 bytes).
    Removing hdspi.o(.rev16_text), (4 bytes).
    Removing hdspi.o(.revsh_text), (4 bytes).
    Removing hdspi.o(i.CRC_mc_8BIT), (72 bytes).
    Removing hdspi.o(i.CRC_mc_8BIT_block), (80 bytes).
    Removing hdspi.o(i.SPI0_CFG_SOFT), (16 bytes).
    Removing hdspi.o(i.SPI0_DMA_End), (76 bytes).
    Removing hdspi.o(i.SPI0_DMA_FrameMode), (68 bytes).
    Removing hdspi.o(i.SPI0_DMA_Init), (100 bytes).
    Removing hdspi.o(i.SPI0_DMA_IsBusy), (32 bytes).
    Removing hdspi.o(i.SPI0_DMA_IsBusyHRD), (32 bytes).
    Removing hdspi.o(i.SPI0_DMA_IsDisable), (20 bytes).
    Removing hdspi.o(i.SPI0_DMA_IsEnable), (16 bytes).
    Removing hdspi.o(i.SPI0_DMA_SetInterrupt), (12 bytes).
    Removing hdspi.o(i.SPI0_DMA_SetUp), (36 bytes).
    Removing hdspi.o(i.SPI0_DMA_Start), (84 bytes).
    Removing hdspi.o(i.SPI0_DMA_StartHRD), (72 bytes).
    Removing hdspi.o(i.SPI0_DMA_StartWaitEnd), (156 bytes).
    Removing hdspi.o(i.SPI0_DMA_WaitEnd), (92 bytes).
    Removing hdspi.o(i.SPI0_GPIO_OFF), (20 bytes).
    Removing hdspi.o(i.SPI0_GPIO_ON), (48 bytes).
    Removing hdspi.o(i.SPI0_GPIO_SOFT_ON), (20 bytes).
    Removing hdspi.o(i.SPI0_Init), (100 bytes).
    Removing hdspi.o(i.SPI0_InitREG), (92 bytes).
    Removing hdspi.o(i.SPI0_IsBusy), (16 bytes).
    Removing hdspi.o(i.SPI0_ReadBlock), (10 bytes).
    Removing hdspi.o(i.SPI0_Receive), (20 bytes).
    Removing hdspi.o(i.SPI0_ReceiveWait), (16 bytes).
    Removing hdspi.o(i.SPI0_Send), (20 bytes).
    Removing hdspi.o(i.SPI0_SendWait), (16 bytes).
    Removing hdspi.o(i.SPI0_Send_String), (22 bytes).
    Removing hdspi.o(i.SPI0_WaitBusy), (16 bytes).
    Removing hdspi.o(i.SPI0_WriteBlock), (8 bytes).
    Removing hdspi.o(i.SPI0_WriteReadBlock), (196 bytes).
    Removing hdspi.o(i.SPI0_WriteReadByte), (44 bytes).
    Removing hdspi.o(i.SPI1_CFG_SOFT), (16 bytes).
    Removing hdspi.o(i.SPI1_DMA_End), (76 bytes).
    Removing hdspi.o(i.SPI1_DMA_FrameMode), (68 bytes).
    Removing hdspi.o(i.SPI1_DMA_Init), (100 bytes).
    Removing hdspi.o(i.SPI1_DMA_IsBusy), (32 bytes).
    Removing hdspi.o(i.SPI1_DMA_IsBusyHRD), (32 bytes).
    Removing hdspi.o(i.SPI1_DMA_IsDisable), (20 bytes).
    Removing hdspi.o(i.SPI1_DMA_IsEnable), (16 bytes).
    Removing hdspi.o(i.SPI1_DMA_SetInterrupt), (12 bytes).
    Removing hdspi.o(i.SPI1_DMA_SetUp), (36 bytes).
    Removing hdspi.o(i.SPI1_DMA_Start), (84 bytes).
    Removing hdspi.o(i.SPI1_DMA_StartHRD), (72 bytes).
    Removing hdspi.o(i.SPI1_DMA_StartWaitEnd), (156 bytes).
    Removing hdspi.o(i.SPI1_DMA_WaitEnd), (92 bytes).
    Removing hdspi.o(i.SPI1_GPIO_OFF), (20 bytes).
    Removing hdspi.o(i.SPI1_GPIO_ON), (48 bytes).
    Removing hdspi.o(i.SPI1_GPIO_SOFT_ON), (20 bytes).
    Removing hdspi.o(i.SPI1_Init), (96 bytes).
    Removing hdspi.o(i.SPI1_InitREG), (88 bytes).
    Removing hdspi.o(i.SPI1_IsBusy), (16 bytes).
    Removing hdspi.o(i.SPI1_ReadBlock), (10 bytes).
    Removing hdspi.o(i.SPI1_Receive), (20 bytes).
    Removing hdspi.o(i.SPI1_ReceiveWait), (16 bytes).
    Removing hdspi.o(i.SPI1_Send), (20 bytes).
    Removing hdspi.o(i.SPI1_SendWait), (16 bytes).
    Removing hdspi.o(i.SPI1_Send_String), (22 bytes).
    Removing hdspi.o(i.SPI1_WaitBusy), (16 bytes).
    Removing hdspi.o(i.SPI1_WriteBlock), (8 bytes).
    Removing hdspi.o(i.SPI1_WriteReadBlock), (196 bytes).
    Removing hdspi.o(i.SPI1_WriteReadByte), (44 bytes).
    Removing hdspi.o(i.SPI2_CFG_SOFT), (16 bytes).
    Removing hdspi.o(i.SPI2_DMA_End), (68 bytes).
    Removing hdspi.o(i.SPI2_DMA_FrameMode), (72 bytes).
    Removing hdspi.o(i.SPI2_DMA_Init), (80 bytes).
    Removing hdspi.o(i.SPI2_DMA_IsBusy), (32 bytes).
    Removing hdspi.o(i.SPI2_DMA_IsBusyHRD), (32 bytes).
    Removing hdspi.o(i.SPI2_DMA_IsDisable), (20 bytes).
    Removing hdspi.o(i.SPI2_DMA_IsEnable), (16 bytes).
    Removing hdspi.o(i.SPI2_DMA_SetInterrupt), (12 bytes).
    Removing hdspi.o(i.SPI2_DMA_SetUp), (36 bytes).
    Removing hdspi.o(i.SPI2_DMA_Start), (76 bytes).
    Removing hdspi.o(i.SPI2_DMA_StartHRD), (64 bytes).
    Removing hdspi.o(i.SPI2_DMA_StartWaitEnd), (140 bytes).
    Removing hdspi.o(i.SPI2_DMA_WaitEnd), (84 bytes).
    Removing hdspi.o(i.SPI2_GPIO_OFF), (20 bytes).
    Removing hdspi.o(i.SPI2_GPIO_ON), (20 bytes).
    Removing hdspi.o(i.SPI2_GPIO_SOFT_ON), (20 bytes).
    Removing hdspi.o(i.SPI2_Init), (100 bytes).
    Removing hdspi.o(i.SPI2_InitREG), (92 bytes).
    Removing hdspi.o(i.SPI2_IsBusy), (16 bytes).
    Removing hdspi.o(i.SPI2_ReadBlock), (10 bytes).
    Removing hdspi.o(i.SPI2_Receive), (24 bytes).
    Removing hdspi.o(i.SPI2_ReceiveWait), (16 bytes).
    Removing hdspi.o(i.SPI2_Send), (28 bytes).
    Removing hdspi.o(i.SPI2_SendWait), (16 bytes).
    Removing hdspi.o(i.SPI2_Send_String), (22 bytes).
    Removing hdspi.o(i.SPI2_WaitBusy), (16 bytes).
    Removing hdspi.o(i.SPI2_WriteBlock), (8 bytes).
    Removing hdspi.o(i.SPI2_WriteReadBlock), (200 bytes).
    Removing hdspi.o(i.SPI2_WriteReadByte), (48 bytes).
    Removing hdspi.o(i.SPI3_CFG_SOFT), (16 bytes).
    Removing hdspi.o(i.SPI3_DMA_FrameMode), (72 bytes).
    Removing hdspi.o(i.SPI3_DMA_IsBusy), (32 bytes).
    Removing hdspi.o(i.SPI3_DMA_IsBusyHRD), (32 bytes).
    Removing hdspi.o(i.SPI3_DMA_IsDisable), (20 bytes).
    Removing hdspi.o(i.SPI3_DMA_IsEnable), (16 bytes).
    Removing hdspi.o(i.SPI3_DMA_StartHRD), (68 bytes).
    Removing hdspi.o(i.SPI3_DMA_StartWaitEnd), (148 bytes).
    Removing hdspi.o(i.SPI3_DMA_WaitEnd), (84 bytes).
    Removing hdspi.o(i.SPI3_GPIO_OFF), (20 bytes).
    Removing hdspi.o(i.SPI3_GPIO_SOFT_ON), (20 bytes).
    Removing hdspi.o(i.SPI3_InitREG), (92 bytes).
    Removing hdspi.o(i.SPI3_IsBusy), (16 bytes).
    Removing hdspi.o(i.SPI3_ReadBlock), (10 bytes).
    Removing hdspi.o(i.SPI3_Receive), (24 bytes).
    Removing hdspi.o(i.SPI3_ReceiveWait), (16 bytes).
    Removing hdspi.o(i.SPI3_Send), (28 bytes).
    Removing hdspi.o(i.SPI3_SendWait), (16 bytes).
    Removing hdspi.o(i.SPI3_Send_String), (22 bytes).
    Removing hdspi.o(i.SPI3_WaitBusy), (16 bytes).
    Removing hdspi.o(i.SPI3_WriteBlock), (8 bytes).
    Removing hdspi.o(i.SPI3_WriteReadBlock), (200 bytes).
    Removing hdspi.o(i.SPI3_WriteReadByte), (48 bytes).
    Removing hdspi.o(i.SPI_RCC_APB_PeriphClockCmd), (42 bytes).
    Removing hdspi.o(i.SPI_ReadBlock), (10 bytes).
    Removing hdspi.o(i.SPI_WriteBlock), (8 bytes).
    Removing hdspi.o(i.SPI_WriteByte), (72 bytes).
    Removing hdspi.o(i.SPI_WriteReadByte), (44 bytes).
    Removing hdspi.o(i.SPI_WriteReadByte_mc_CRC), (112 bytes).
    Removing hdspi.o(i.hdSPI_SoftPoolGoToBYTEPROCESS), (6 bytes).
    Removing hdspi.o(i.hdSPI_SoftPoolGoToSTART), (6 bytes).
    Removing hdspi_cfg.o(.rev16_text), (4 bytes).
    Removing hdspi_cfg.o(.revsh_text), (4 bytes).
    Removing hdtimers.o(.rev16_text), (4 bytes).
    Removing hdtimers.o(.revsh_text), (4 bytes).
    Removing hdtimers.o(i.CortexTimerDeltaProcDO), (84 bytes).
    Removing hdtimers.o(i.DelayMCS), (144 bytes).
    Removing hdtimers.o(i.DelayMS), (156 bytes).
    Removing hdtimers.o(i.DelayNOP), (12 bytes).
    Removing hdtimers.o(i.DelayNOP_CLK), (20 bytes).
    Removing hdtimers.o(i.Sleep), (42 bytes).
    Removing hdtimers.o(i.SysTick_Interrupt), (2 bytes).
    Removing hdtimers.o(i.TimerCounterUpdate), (100 bytes).
    Removing hdtimers.o(i.Timer_1mcs_CounterUpdate), (100 bytes).
    Removing hdtimers.o(i.Timer_1ms_CounterUpdate), (100 bytes).
    Removing hdtimers.o(i.Timer_CounterProc), (4 bytes).
    Removing hdtimers.o(i.WaitMCS_Check), (26 bytes).
    Removing hdtimers.o(i.WaitMCS_CheckContinue), (50 bytes).
    Removing hdtimers.o(i.WaitMCS_Delta), (14 bytes).
    Removing hdtimers.o(i.WaitMCS_Start), (16 bytes).
    Removing hdtimers.o(i.WaitMCS_Wait), (32 bytes).
    Removing hdtimers.o(i.WaitMS_Check), (26 bytes).
    Removing hdtimers.o(i.WaitMS_CheckContinue), (50 bytes).
    Removing hdtimers.o(i.WaitMS_Delta), (14 bytes).
    Removing hdtimers.o(i.WaitMS_Start), (16 bytes).
    Removing hdtimers.o(i.WaitMS_Wait), (32 bytes).
    Removing hdtimers.o(i.isTimerCompareOverflow), (12 bytes).
    Removing hdtimers.o(i.isTimerCompareOverflowX), (26 bytes).
    Removing hdtimers.o(.bss), (32 bytes).
    Removing hdtimers.o(.data), (4 bytes).
    Removing hdtimers.o(.data), (4 bytes).
    Removing hdtimers.o(.data), (4 bytes).
    Removing hdtimers.o(.data), (4 bytes).
    Removing hdtimers.o(.data), (4 bytes).
    Removing interface.o(.rev16_text), (4 bytes).
    Removing interface.o(.revsh_text), (4 bytes).
    Removing interface.o(i.Echo_RS_Disable), (12 bytes).
    Removing interface.o(i.Echo_RS_Enable), (16 bytes).
    Removing interface.o(i.Echo_RS_isEnabled), (16 bytes).
    Removing interface.o(i.GPIO_RS_SetMode), (4 bytes).
    Removing interface.o(i.InterfaceInit), (2 bytes).
    Removing interface.o(i.Read_RS_Buf), (16 bytes).
    Removing interface.o(i.Read_RS_Byte), (32 bytes).
    Removing interface.o(i.Read_RS_Flush), (12 bytes).
    Removing interface.o(i.Read_RS_Size), (12 bytes).
    Removing interface.o(i.Send_RS_B), (48 bytes).
    Removing interface.o(i.Send_RS_BLK), (80 bytes).
    Removing interface.o(i.Send_RS_Buf), (168 bytes).
    Removing interface.o(i.Send_RS_Byte), (12 bytes).
    Removing interface.o(i.Send_RS_D), (12 bytes).
    Removing interface.o(i.Send_RS_DEC), (12 bytes).
    Removing interface.o(i.Send_RS_End), (16 bytes).
    Removing interface.o(i.Send_RS_FREE), (16 bytes).
    Removing interface.o(i.Send_RS_FREEBusy), (52 bytes).
    Removing interface.o(i.Send_RS_HEX), (16 bytes).
    Removing interface.o(i.Send_RS_Hold), (116 bytes).
    Removing interface.o(i.Send_RS_Q), (12 bytes).
    Removing interface.o(i.Send_RS_Start), (52 bytes).
    Removing interface.o(i.Send_RS_String), (20 bytes).
    Removing interface.o(i.Send_RS_W), (12 bytes).
    Removing interface.o(i.Send_RS_WaitFlush), (36 bytes).
    Removing interface.o(i.Send_RS_isBusy), (40 bytes).
    Removing interface.o(i.USART1_GPIO), (200 bytes).
    Removing interface.o(i.USART1uIntDisable), (12 bytes).
    Removing interface.o(i.USART1uIntEnable), (12 bytes).
    Removing interface.o(i.USART1uIntSet), (16 bytes).
    Removing interface.o(i.Uart_CFG), (92 bytes).
    Removing interface.o(i.Uart_RS_Init), (208 bytes).
    Removing interface.o(.data), (1 bytes).
    Removing dadd.o(.text), (334 bytes).
    Removing dmul.o(.text), (228 bytes).
    Removing dneg.o(.text), (6 bytes).
    Removing ffltl.o(.text), (42 bytes).
    Removing dflti.o(.text), (34 bytes).
    Removing dfltui.o(.text), (26 bytes).
    Removing dfltl.o(.text), (40 bytes).
    Removing dfixi.o(.text), (62 bytes).
    Removing dfixui.o(.text), (50 bytes).
    Removing f2d.o(.text), (38 bytes).
    Removing cdcmple.o(.text), (40 bytes).
    Removing fepilogue.o(.text), (108 bytes).
    Removing depilogue.o(.text), (190 bytes).

986 unused section(s) (total 42571 bytes) removed from the image.

==============================================================================

Image Symbol Table

    Local Symbols

    Symbol Name                              Value     Ov Type        Size  Object(Section)

    ../clib/../cmprslib/zerorunl2.c          0x00000000   Number         0  __dczerorl2.o ABSOLUTE
    ../clib/microlib/init/entry.s            0x00000000   Number         0  entry10a.o ABSOLUTE
    ../clib/microlib/init/entry.s            0x00000000   Number         0  entry7b.o ABSOLUTE
    ../clib/microlib/init/entry.s            0x00000000   Number         0  entry7a.o ABSOLUTE
    ../clib/microlib/init/entry.s            0x00000000   Number         0  entry5.o ABSOLUTE
    ../clib/microlib/init/entry.s            0x00000000   Number         0  entry2.o ABSOLUTE
    ../clib/microlib/init/entry.s            0x00000000   Number         0  entry.o ABSOLUTE
    ../clib/microlib/init/entry.s            0x00000000   Number         0  entry9b.o ABSOLUTE
    ../clib/microlib/init/entry.s            0x00000000   Number         0  entry9a.o ABSOLUTE
    ../clib/microlib/init/entry.s            0x00000000   Number         0  entry8a.o ABSOLUTE
    ../clib/microlib/init/entry.s            0x00000000   Number         0  entry8b.o ABSOLUTE
    ../clib/microlib/init/entry.s            0x00000000   Number         0  entry11a.o ABSOLUTE
    ../clib/microlib/init/entry.s            0x00000000   Number         0  entry11b.o ABSOLUTE
    ../clib/microlib/init/entry.s            0x00000000   Number         0  entry10b.o ABSOLUTE
    ../clib/microlib/longlong.c              0x00000000   Number         0  llshl.o ABSOLUTE
    ../clib/microlib/longlong.c              0x00000000   Number         0  llushr.o ABSOLUTE
    ../clib/microlib/longlong.c              0x00000000   Number         0  llsshr.o ABSOLUTE
    ../clib/microlib/string/memchr.c         0x00000000   Number         0  memchr.o ABSOLUTE
    ../clib/microlib/string/memcpy.c         0x00000000   Number         0  memcpyb.o ABSOLUTE
    ../clib/microlib/string/memcpy.c         0x00000000   Number         0  memcpya.o ABSOLUTE
    ../clib/microlib/string/memset.c         0x00000000   Number         0  memseta.o ABSOLUTE
    ../clib/microlib/string/strcpy.c         0x00000000   Number         0  strcpy.o ABSOLUTE
    ../clib/microlib/string/strlen.c         0x00000000   Number         0  strlen.o ABSOLUTE
    ../clib/microlib/stubs.s                 0x00000000   Number         0  iusefp.o ABSOLUTE
    ../fplib/microlib/f2d.c                  0x00000000   Number         0  f2d.o ABSOLUTE
    ../fplib/microlib/fpadd.c                0x00000000   Number         0  dadd.o ABSOLUTE
    ../fplib/microlib/fpepilogue.c           0x00000000   Number         0  depilogue.o ABSOLUTE
    ../fplib/microlib/fpepilogue.c           0x00000000   Number         0  fepilogue.o ABSOLUTE
    ../fplib/microlib/fpfix.c                0x00000000   Number         0  dfixui.o ABSOLUTE
    ../fplib/microlib/fpfix.c                0x00000000   Number         0  dfixi.o ABSOLUTE
    ../fplib/microlib/fpflt.c                0x00000000   Number         0  dfltui.o ABSOLUTE
    ../fplib/microlib/fpflt.c                0x00000000   Number         0  dflti.o ABSOLUTE
    ../fplib/microlib/fpflt.c                0x00000000   Number         0  ffltl.o ABSOLUTE
    ../fplib/microlib/fpflt.c                0x00000000   Number         0  dfltl.o ABSOLUTE
    ../fplib/microlib/fpmul.c                0x00000000   Number         0  dmul.o ABSOLUTE
    ../fplib/microlib/fpneg.c                0x00000000   Number         0  dneg.o ABSOLUTE
    ..\SRC\LIB\src\misc.c                    0x00000000   Number         0  misc.o ABSOLUTE
    ..\SRC\LIB\src\stm32f4xx_adc.c           0x00000000   Number         0  stm32f4xx_adc.o ABSOLUTE
    ..\SRC\LIB\src\stm32f4xx_can.c           0x00000000   Number         0  stm32f4xx_can.o ABSOLUTE
    ..\SRC\LIB\src\stm32f4xx_crc.c           0x00000000   Number         0  stm32f4xx_crc.o ABSOLUTE
    ..\SRC\LIB\src\stm32f4xx_cryp.c          0x00000000   Number         0  stm32f4xx_cryp.o ABSOLUTE
    ..\SRC\LIB\src\stm32f4xx_cryp_aes.c      0x00000000   Number         0  stm32f4xx_cryp_aes.o ABSOLUTE
    ..\SRC\LIB\src\stm32f4xx_cryp_des.c      0x00000000   Number         0  stm32f4xx_cryp_des.o ABSOLUTE
    ..\SRC\LIB\src\stm32f4xx_cryp_tdes.c     0x00000000   Number         0  stm32f4xx_cryp_tdes.o ABSOLUTE
    ..\SRC\LIB\src\stm32f4xx_dac.c           0x00000000   Number         0  stm32f4xx_dac.o ABSOLUTE
    ..\SRC\LIB\src\stm32f4xx_dbgmcu.c        0x00000000   Number         0  stm32f4xx_dbgmcu.o ABSOLUTE
    ..\SRC\LIB\src\stm32f4xx_dcmi.c          0x00000000   Number         0  stm32f4xx_dcmi.o ABSOLUTE
    ..\SRC\LIB\src\stm32f4xx_dma.c           0x00000000   Number         0  stm32f4xx_dma.o ABSOLUTE
    ..\SRC\LIB\src\stm32f4xx_exti.c          0x00000000   Number         0  stm32f4xx_exti.o ABSOLUTE
    ..\SRC\LIB\src\stm32f4xx_flash.c         0x00000000   Number         0  stm32f4xx_flash.o ABSOLUTE
    ..\SRC\LIB\src\stm32f4xx_fsmc.c          0x00000000   Number         0  stm32f4xx_fsmc.o ABSOLUTE
    ..\SRC\LIB\src\stm32f4xx_gpio.c          0x00000000   Number         0  stm32f4xx_gpio.o ABSOLUTE
    ..\SRC\LIB\src\stm32f4xx_hash.c          0x00000000   Number         0  stm32f4xx_hash.o ABSOLUTE
    ..\SRC\LIB\src\stm32f4xx_hash_md5.c      0x00000000   Number         0  stm32f4xx_hash_md5.o ABSOLUTE
    ..\SRC\LIB\src\stm32f4xx_hash_sha1.c     0x00000000   Number         0  stm32f4xx_hash_sha1.o ABSOLUTE
    ..\SRC\LIB\src\stm32f4xx_i2c.c           0x00000000   Number         0  stm32f4xx_i2c.o ABSOLUTE
    ..\SRC\LIB\src\stm32f4xx_iwdg.c          0x00000000   Number         0  stm32f4xx_iwdg.o ABSOLUTE
    ..\SRC\LIB\src\stm32f4xx_pwr.c           0x00000000   Number         0  stm32f4xx_pwr.o ABSOLUTE
    ..\SRC\LIB\src\stm32f4xx_rcc.c           0x00000000   Number         0  stm32f4xx_rcc.o ABSOLUTE
    ..\SRC\LIB\src\stm32f4xx_rng.c           0x00000000   Number         0  stm32f4xx_rng.o ABSOLUTE
    ..\SRC\LIB\src\stm32f4xx_rtc.c           0x00000000   Number         0  stm32f4xx_rtc.o ABSOLUTE
    ..\SRC\LIB\src\stm32f4xx_sdio.c          0x00000000   Number         0  stm32f4xx_sdio.o ABSOLUTE
    ..\SRC\LIB\src\stm32f4xx_spi.c           0x00000000   Number         0  stm32f4xx_spi.o ABSOLUTE
    ..\SRC\LIB\src\stm32f4xx_syscfg.c        0x00000000   Number         0  stm32f4xx_syscfg.o ABSOLUTE
    ..\SRC\LIB\src\stm32f4xx_tim.c           0x00000000   Number         0  stm32f4xx_tim.o ABSOLUTE
    ..\SRC\LIB\src\stm32f4xx_usart.c         0x00000000   Number         0  stm32f4xx_usart.o ABSOLUTE
    ..\SRC\LIB\src\stm32f4xx_wwdg.c          0x00000000   Number         0  stm32f4xx_wwdg.o ABSOLUTE
    ..\SRC\cortex_rb_sys.c                   0x00000000   Number         0  cortex_rb_sys.o ABSOLUTE
    ..\SRC\rbSTM32DeviceInfo.c               0x00000000   Number         0  rbstm32deviceinfo.o ABSOLUTE
    ..\SRC\rb_base64m.c                      0x00000000   Number         0  rb_base64m.o ABSOLUTE
    ..\SRC\rb_crc16.c                        0x00000000   Number         0  rb_crc16.o ABSOLUTE
    ..\SRC\rb_crcTBL.c                       0x00000000   Number         0  rb_crctbl.o ABSOLUTE
    ..\SRC\rb_fifo.c                         0x00000000   Number         0  rb_fifo.o ABSOLUTE
    ..\SRC\rb_strnum.c                       0x00000000   Number         0  rb_strnum.o ABSOLUTE
    ..\SRC\rb_util.c                         0x00000000   Number         0  rb_util.o ABSOLUTE
    ..\SRC\rb_util_ext.c                     0x00000000   Number         0  rb_util_ext.o ABSOLUTE
    ..\\SRC\\LIB\\src\\misc.c                0x00000000   Number         0  misc.o ABSOLUTE
    ..\\SRC\\LIB\\src\\stm32f4xx_adc.c       0x00000000   Number         0  stm32f4xx_adc.o ABSOLUTE
    ..\\SRC\\LIB\\src\\stm32f4xx_can.c       0x00000000   Number         0  stm32f4xx_can.o ABSOLUTE
    ..\\SRC\\LIB\\src\\stm32f4xx_crc.c       0x00000000   Number         0  stm32f4xx_crc.o ABSOLUTE
    ..\\SRC\\LIB\\src\\stm32f4xx_cryp.c      0x00000000   Number         0  stm32f4xx_cryp.o ABSOLUTE
    ..\\SRC\\LIB\\src\\stm32f4xx_cryp_aes.c  0x00000000   Number         0  stm32f4xx_cryp_aes.o ABSOLUTE
    ..\\SRC\\LIB\\src\\stm32f4xx_cryp_des.c  0x00000000   Number         0  stm32f4xx_cryp_des.o ABSOLUTE
    ..\\SRC\\LIB\\src\\stm32f4xx_cryp_tdes.c 0x00000000   Number         0  stm32f4xx_cryp_tdes.o ABSOLUTE
    ..\\SRC\\LIB\\src\\stm32f4xx_dac.c       0x00000000   Number         0  stm32f4xx_dac.o ABSOLUTE
    ..\\SRC\\LIB\\src\\stm32f4xx_dbgmcu.c    0x00000000   Number         0  stm32f4xx_dbgmcu.o ABSOLUTE
    ..\\SRC\\LIB\\src\\stm32f4xx_dcmi.c      0x00000000   Number         0  stm32f4xx_dcmi.o ABSOLUTE
    ..\\SRC\\LIB\\src\\stm32f4xx_dma.c       0x00000000   Number         0  stm32f4xx_dma.o ABSOLUTE
    ..\\SRC\\LIB\\src\\stm32f4xx_exti.c      0x00000000   Number         0  stm32f4xx_exti.o ABSOLUTE
    ..\\SRC\\LIB\\src\\stm32f4xx_flash.c     0x00000000   Number         0  stm32f4xx_flash.o ABSOLUTE
    ..\\SRC\\LIB\\src\\stm32f4xx_fsmc.c      0x00000000   Number         0  stm32f4xx_fsmc.o ABSOLUTE
    ..\\SRC\\LIB\\src\\stm32f4xx_gpio.c      0x00000000   Number         0  stm32f4xx_gpio.o ABSOLUTE
    ..\\SRC\\LIB\\src\\stm32f4xx_hash.c      0x00000000   Number         0  stm32f4xx_hash.o ABSOLUTE
    ..\\SRC\\LIB\\src\\stm32f4xx_hash_md5.c  0x00000000   Number         0  stm32f4xx_hash_md5.o ABSOLUTE
    ..\\SRC\\LIB\\src\\stm32f4xx_hash_sha1.c 0x00000000   Number         0  stm32f4xx_hash_sha1.o ABSOLUTE
    ..\\SRC\\LIB\\src\\stm32f4xx_i2c.c       0x00000000   Number         0  stm32f4xx_i2c.o ABSOLUTE
    ..\\SRC\\LIB\\src\\stm32f4xx_iwdg.c      0x00000000   Number         0  stm32f4xx_iwdg.o ABSOLUTE
    ..\\SRC\\LIB\\src\\stm32f4xx_pwr.c       0x00000000   Number         0  stm32f4xx_pwr.o ABSOLUTE
    ..\\SRC\\LIB\\src\\stm32f4xx_rcc.c       0x00000000   Number         0  stm32f4xx_rcc.o ABSOLUTE
    ..\\SRC\\LIB\\src\\stm32f4xx_rng.c       0x00000000   Number         0  stm32f4xx_rng.o ABSOLUTE
    ..\\SRC\\LIB\\src\\stm32f4xx_rtc.c       0x00000000   Number         0  stm32f4xx_rtc.o ABSOLUTE
    ..\\SRC\\LIB\\src\\stm32f4xx_sdio.c      0x00000000   Number         0  stm32f4xx_sdio.o ABSOLUTE
    ..\\SRC\\LIB\\src\\stm32f4xx_spi.c       0x00000000   Number         0  stm32f4xx_spi.o ABSOLUTE
    ..\\SRC\\LIB\\src\\stm32f4xx_syscfg.c    0x00000000   Number         0  stm32f4xx_syscfg.o ABSOLUTE
    ..\\SRC\\LIB\\src\\stm32f4xx_tim.c       0x00000000   Number         0  stm32f4xx_tim.o ABSOLUTE
    ..\\SRC\\LIB\\src\\stm32f4xx_usart.c     0x00000000   Number         0  stm32f4xx_usart.o ABSOLUTE
    ..\\SRC\\LIB\\src\\stm32f4xx_wwdg.c      0x00000000   Number         0  stm32f4xx_wwdg.o ABSOLUTE
    ..\\SRC\\cortex_rb_sys.c                 0x00000000   Number         0  cortex_rb_sys.o ABSOLUTE
    ..\\SRC\\rbSTM32DeviceInfo.c             0x00000000   Number         0  rbstm32deviceinfo.o ABSOLUTE
    ..\\SRC\\rb_base64m.c                    0x00000000   Number         0  rb_base64m.o ABSOLUTE
    ..\\SRC\\rb_crc16.c                      0x00000000   Number         0  rb_crc16.o ABSOLUTE
    ..\\SRC\\rb_crcTBL.c                     0x00000000   Number         0  rb_crctbl.o ABSOLUTE
    ..\\SRC\\rb_fifo.c                       0x00000000   Number         0  rb_fifo.o ABSOLUTE
    ..\\SRC\\rb_strnum.c                     0x00000000   Number         0  rb_strnum.o ABSOLUTE
    ..\\SRC\\rb_util.c                       0x00000000   Number         0  rb_util.o ABSOLUTE
    ..\\SRC\\rb_util_ext.c                   0x00000000   Number         0  rb_util_ext.o ABSOLUTE
    SRC\HARDWARE\hardware.c                  0x00000000   Number         0  hardware.o ABSOLUTE
    SRC\HARDWARE\hdadc.c                     0x00000000   Number         0  hdadc.o ABSOLUTE
    SRC\HARDWARE\hdfsmc.c                    0x00000000   Number         0  hdfsmc.o ABSOLUTE
    SRC\HARDWARE\hdi2c.c                     0x00000000   Number         0  hdi2c.o ABSOLUTE
    SRC\HARDWARE\hdi2c_CFG.c                 0x00000000   Number         0  hdi2c_cfg.o ABSOLUTE
    SRC\HARDWARE\hdinterrupt.c               0x00000000   Number         0  hdinterrupt.o ABSOLUTE
    SRC\HARDWARE\hdports.c                   0x00000000   Number         0  hdports.o ABSOLUTE
    SRC\HARDWARE\hdspi.c                     0x00000000   Number         0  hdspi.o ABSOLUTE
    SRC\HARDWARE\hdspi_CFG.c                 0x00000000   Number         0  hdspi_cfg.o ABSOLUTE
    SRC\HARDWARE\hdtimers.c                  0x00000000   Number         0  hdtimers.o ABSOLUTE
    SRC\HARDWARE\interface.c                 0x00000000   Number         0  interface.o ABSOLUTE
    SRC\SPI_Tets.c                           0x00000000   Number         0  spi_tets.o ABSOLUTE
    SRC\\HARDWARE\\hardware.c                0x00000000   Number         0  hardware.o ABSOLUTE
    SRC\\HARDWARE\\hdadc.c                   0x00000000   Number         0  hdadc.o ABSOLUTE
    SRC\\HARDWARE\\hdfsmc.c                  0x00000000   Number         0  hdfsmc.o ABSOLUTE
    SRC\\HARDWARE\\hdi2c.c                   0x00000000   Number         0  hdi2c.o ABSOLUTE
    SRC\\HARDWARE\\hdi2c_CFG.c               0x00000000   Number         0  hdi2c_cfg.o ABSOLUTE
    SRC\\HARDWARE\\hdinterrupt.c             0x00000000   Number         0  hdinterrupt.o ABSOLUTE
    SRC\\HARDWARE\\hdports.c                 0x00000000   Number         0  hdports.o ABSOLUTE
    SRC\\HARDWARE\\hdspi.c                   0x00000000   Number         0  hdspi.o ABSOLUTE
    SRC\\HARDWARE\\hdspi_CFG.c               0x00000000   Number         0  hdspi_cfg.o ABSOLUTE
    SRC\\HARDWARE\\hdtimers.c                0x00000000   Number         0  hdtimers.o ABSOLUTE
    SRC\\HARDWARE\\interface.c               0x00000000   Number         0  interface.o ABSOLUTE
    SRC\\SPI_Tets.c                          0x00000000   Number         0  spi_tets.o ABSOLUTE
    SRC\\main.c                              0x00000000   Number         0  main.o ABSOLUTE
    SRC\main.c                               0x00000000   Number         0  main.o ABSOLUTE
    cdcmple.s                                0x00000000   Number         0  cdcmple.o ABSOLUTE
    dc.s                                     0x00000000   Number         0  dc.o ABSOLUTE
    handlers.s                               0x00000000   Number         0  handlers.o ABSOLUTE
    init.s                                   0x00000000   Number         0  init.o ABSOLUTE
    startup_stm32f40_41xxx.s                 0x00000000   Number         0  startup_stm32f40_41xxx.o ABSOLUTE
    RESET                                    0x08000000   Section      392  startup_stm32f40_41xxx.o(RESET)
    .ARM.Collect$$$$00000000                 0x08000188   Section        0  entry.o(.ARM.Collect$$$$00000000)
    .ARM.Collect$$$$00000001                 0x08000188   Section        4  entry2.o(.ARM.Collect$$$$00000001)
    .ARM.Collect$$$$00000004                 0x0800018c   Section        4  entry5.o(.ARM.Collect$$$$00000004)
    .ARM.Collect$$$$00000008                 0x08000190   Section        0  entry7b.o(.ARM.Collect$$$$00000008)
    .ARM.Collect$$$$0000000A                 0x08000190   Section        0  entry8b.o(.ARM.Collect$$$$0000000A)
    .ARM.Collect$$$$0000000B                 0x08000190   Section        8  entry9a.o(.ARM.Collect$$$$0000000B)
    .ARM.Collect$$$$0000000D                 0x08000198   Section        0  entry10a.o(.ARM.Collect$$$$0000000D)
    .ARM.Collect$$$$0000000F                 0x08000198   Section        0  entry11a.o(.ARM.Collect$$$$0000000F)
    .ARM.Collect$$$$00002712                 0x08000198   Section        4  entry2.o(.ARM.Collect$$$$00002712)
    __lit__00000000                          0x08000198   Data           4  entry2.o(.ARM.Collect$$$$00002712)
    .text                                    0x0800019c   Section       36  startup_stm32f40_41xxx.o(.text)
    $v0                                      0x0800019c   Number         0  startup_stm32f40_41xxx.o(.text)
    .text                                    0x080001c0   Section        0  memcpya.o(.text)
    .text                                    0x080001e4   Section       36  init.o(.text)
    .text                                    0x08000208   Section        0  __dczerorl2.o(.text)
    i.DMA1_Stream0_IRQHandler                0x08000264   Section        0  hdspi.o(i.DMA1_Stream0_IRQHandler)
    i.DMA1_Stream3_IRQHandler                0x0800027c   Section        0  hdspi.o(i.DMA1_Stream3_IRQHandler)
    i.DMA1_Stream4_IRQHandler                0x080002a8   Section        0  hdspi.o(i.DMA1_Stream4_IRQHandler)
    i.DMA1_Stream7_IRQHandler                0x080002d0   Section        0  hdspi.o(i.DMA1_Stream7_IRQHandler)
    i.DMA2_Stream0_IRQHandler                0x080002e8   Section        0  hdspi.o(i.DMA2_Stream0_IRQHandler)
    i.DMA2_Stream5_IRQHandler                0x08000310   Section        0  hdspi.o(i.DMA2_Stream5_IRQHandler)
    i.FLASH_DataCacheCmd                     0x0800034c   Section        0  stm32f4xx_flash.o(i.FLASH_DataCacheCmd)
    i.FLASH_InstructionCacheCmd              0x08000368   Section        0  stm32f4xx_flash.o(i.FLASH_InstructionCacheCmd)
    i.FLASH_PrefetchBufferCmd                0x08000384   Section        0  stm32f4xx_flash.o(i.FLASH_PrefetchBufferCmd)
    i.FLASH_SetLatency                       0x080003a0   Section        0  stm32f4xx_flash.o(i.FLASH_SetLatency)
    i.GPIO_PinAFConfig                       0x080003ac   Section        0  stm32f4xx_gpio.o(i.GPIO_PinAFConfig)
    i.Init                                   0x080003cc   Section        0  hardware.o(i.Init)
    i.NVIC_Init                              0x080003fc   Section        0  misc.o(i.NVIC_Init)
    i.NVIC_PriorityGroupConfig               0x08000460   Section        0  misc.o(i.NVIC_PriorityGroupConfig)
    i.RCC_AHB1PeriphClockCmd                 0x08000474   Section        0  stm32f4xx_rcc.o(i.RCC_AHB1PeriphClockCmd)
    i.RCC_APB1PeriphClockCmd                 0x0800048c   Section        0  stm32f4xx_rcc.o(i.RCC_APB1PeriphClockCmd)
    i.RCC_Configuration                      0x080004a4   Section        0  hardware.o(i.RCC_Configuration)
    i.RCC_DeInit                             0x08000674   Section        0  stm32f4xx_rcc.o(i.RCC_DeInit)
    i.RCC_GetClocksFreq                      0x080006b0   Section        0  stm32f4xx_rcc.o(i.RCC_GetClocksFreq)
    i.RCC_GetFlagStatus                      0x08000740   Section        0  stm32f4xx_rcc.o(i.RCC_GetFlagStatus)
    i.RCC_HCLKConfig                         0x08000774   Section        0  stm32f4xx_rcc.o(i.RCC_HCLKConfig)
    i.RCC_HSEConfig                          0x08000788   Section        0  stm32f4xx_rcc.o(i.RCC_HSEConfig)
    i.RCC_PCLK1Config                        0x08000798   Section        0  stm32f4xx_rcc.o(i.RCC_PCLK1Config)
    i.RCC_PCLK2Config                        0x080007ac   Section        0  stm32f4xx_rcc.o(i.RCC_PCLK2Config)
    i.RCC_PLLCmd                             0x080007c0   Section        0  stm32f4xx_rcc.o(i.RCC_PLLCmd)
    i.RCC_PLLConfig                          0x080007cc   Section        0  stm32f4xx_rcc.o(i.RCC_PLLConfig)
    i.RCC_SYSCLKConfig                       0x080007f4   Section        0  stm32f4xx_rcc.o(i.RCC_SYSCLKConfig)
    i.RCC_WaitForHSEStartUp                  0x08000808   Section        0  stm32f4xx_rcc.o(i.RCC_WaitForHSEStartUp)
    i.SPI0_DMA_DoInterruptAny                0x08000834   Section        0  hdspi.o(i.SPI0_DMA_DoInterruptAny)
    i.SPI0_DMA_DoInterruptRX                 0x080008c8   Section        0  hdspi.o(i.SPI0_DMA_DoInterruptRX)
    i.SPI0_DMA_DoInterruptTX                 0x080009b0   Section        0  hdspi.o(i.SPI0_DMA_DoInterruptTX)
    i.SPI0_DMA_SetUpM                        0x08000a98   Section        0  hdspi.o(i.SPI0_DMA_SetUpM)
    i.SPI0_GPIO                              0x08000b54   Section        0  hdspi.o(i.SPI0_GPIO)
    i.SPI1_DMA_DoInterruptAny                0x08000d28   Section        0  hdspi.o(i.SPI1_DMA_DoInterruptAny)
    i.SPI1_DMA_DoInterruptRX                 0x08000dbc   Section        0  hdspi.o(i.SPI1_DMA_DoInterruptRX)
    i.SPI1_DMA_DoInterruptTX                 0x08000ea4   Section        0  hdspi.o(i.SPI1_DMA_DoInterruptTX)
    i.SPI1_DMA_SetUpM                        0x08000f8c   Section        0  hdspi.o(i.SPI1_DMA_SetUpM)
    i.SPI1_GPIO                              0x08001048   Section        0  hdspi.o(i.SPI1_GPIO)
    i.SPI2_DMA_DoInterruptAny                0x0800121c   Section        0  hdspi.o(i.SPI2_DMA_DoInterruptAny)
    i.SPI2_DMA_DoInterruptRX                 0x080012b0   Section        0  hdspi.o(i.SPI2_DMA_DoInterruptRX)
    i.SPI2_DMA_DoInterruptTX                 0x0800137c   Section        0  hdspi.o(i.SPI2_DMA_DoInterruptTX)
    i.SPI2_DMA_SetUpM                        0x08001448   Section        0  hdspi.o(i.SPI2_DMA_SetUpM)
    i.SPI2_GPIO                              0x080014e8   Section        0  hdspi.o(i.SPI2_GPIO)
    i.SPI3_DMA_DoInterruptAny                0x08001628   Section        0  hdspi.o(i.SPI3_DMA_DoInterruptAny)
    i.SPI3_DMA_DoInterruptRX                 0x080016bc   Section        0  hdspi.o(i.SPI3_DMA_DoInterruptRX)
    i.SPI3_DMA_DoInterruptTX                 0x08001790   Section        0  hdspi.o(i.SPI3_DMA_DoInterruptTX)
    i.SPI3_DMA_End                           0x08001864   Section        0  hdspi.o(i.SPI3_DMA_End)
    i.SPI3_DMA_Init                          0x080018a8   Section        0  hdspi.o(i.SPI3_DMA_Init)
    i.SPI3_DMA_SetInterrupt                  0x080018fc   Section        0  hdspi.o(i.SPI3_DMA_SetInterrupt)
    i.SPI3_DMA_SetUp                         0x08001908   Section        0  hdspi.o(i.SPI3_DMA_SetUp)
    i.SPI3_DMA_SetUpM                        0x0800192c   Section        0  hdspi.o(i.SPI3_DMA_SetUpM)
    i.SPI3_DMA_Start                         0x080019cc   Section        0  hdspi.o(i.SPI3_DMA_Start)
    i.SPI3_GPIO                              0x08001a1c   Section        0  hdspi.o(i.SPI3_GPIO)
    i.SPI3_GPIO_ON                           0x08001b54   Section        0  hdspi.o(i.SPI3_GPIO_ON)
    i.SPI3_Init                              0x08001b68   Section        0  hdspi.o(i.SPI3_Init)
    i.SPI_BuferTransferInit                  0x08001bcc   Section        0  spi_tets.o(i.SPI_BuferTransferInit)
    i.SPI_Cmd                                0x08001c00   Section        0  stm32f4xx_spi.o(i.SPI_Cmd)
    i.SPI_Init                               0x08001c14   Section        0  stm32f4xx_spi.o(i.SPI_Init)
    i.SelectInitGPIO                         0x08001c4c   Section        0  hardware.o(i.SelectInitGPIO)
    i.SystemInit                             0x08001c50   Section        0  hardware.o(i.SystemInit)
    i.USART1_IRQHandler                      0x08001c6c   Section        0  interface.o(i.USART1_IRQHandler)
    i.USART_GetITStatus                      0x08001cec   Section        0  stm32f4xx_usart.o(i.USART_GetITStatus)
    i.USART_ITConfig                         0x08001d2a   Section        0  stm32f4xx_usart.o(i.USART_ITConfig)
    i.USART_ReceiveData                      0x08001d5a   Section        0  stm32f4xx_usart.o(i.USART_ReceiveData)
    i.USART_SendData                         0x08001d62   Section        0  stm32f4xx_usart.o(i.USART_SendData)
    i.__scatterload_copy                     0x08001d6a   Section       14  handlers.o(i.__scatterload_copy)
    i.__scatterload_null                     0x08001d78   Section        2  handlers.o(i.__scatterload_null)
    i.__scatterload_zeroinit                 0x08001d7a   Section       14  handlers.o(i.__scatterload_zeroinit)
    i.hdGPIO_Setup                           0x08001d88   Section        0  hdports.o(i.hdGPIO_Setup)
    i.hdIntSwitchInterruptToRAM              0x08001e80   Section        0  hdinterrupt.o(i.hdIntSwitchInterruptToRAM)
    i.hdSPI_SoftPool                         0x08001eb8   Section        0  hdspi.o(i.hdSPI_SoftPool)
    i.lerfuSpiBufEvent                       0x08001ff4   Section        0  spi_tets.o(i.lerfuSpiBufEvent)
    i.main                                   0x08002040   Section        0  main.o(i.main)
    i.rb_fifo_free                           0x08002052   Section        0  rb_fifo.o(i.rb_fifo_free)
    i.rb_fifo_rd                             0x08002062   Section        0  rb_fifo.o(i.rb_fifo_rd)
    i.rb_fifo_size                           0x08002080   Section        0  rb_fifo.o(i.rb_fifo_size)
    i.rb_fifo_wr_blk                         0x0800208c   Section        0  rb_fifo.o(i.rb_fifo_wr_blk)
    .data                                    0x20000000   Section        8  spi_tets.o(.data)
    .data                                    0x20000008   Section       16  stm32f4xx_rcc.o(.data)
    APBAHBPrescTable                         0x20000008   Data          16  stm32f4xx_rcc.o(.data)
    .data                                    0x20000018   Section      196  hdspi.o(.data)
    .data                                    0x200000dc   Section       28  hdtimers.o(.data)
    ccnt                                     0x200000ec   Data           4  hdtimers.o(.data)
    ccnt                                     0x200000f0   Data           4  hdtimers.o(.data)
    ccnt                                     0x200000f4   Data           4  hdtimers.o(.data)
    .data                                    0x200000f8   Section       32  interface.o(.data)
    ccmram                                   0x20000200   Section     1024  hdinterrupt.o(ccmram)
    .bss                                     0x20000600   Section       16  hdtimers.o(.bss)
    .bss                                     0x20000610   Section      256  interface.o(.bss)
    .bss                                     0x20000710   Section      256  interface.o(.bss)
    STACK                                    0x20000810   Section     1024  startup_stm32f40_41xxx.o(STACK)

    Global Symbols

    Symbol Name                              Value     Ov Type        Size  Object(Section)

    BuildAttributes$$THM_ISAv4$E$P$D$K$B$S$7EM$VFPi3$EXTD16$VFPS$VFMA$PE$A:L22UL41UL21$X:L11$S22US41US21$IEEE1$IW$USESV6$~STKCKD$USESV7$~SHL$OTIME$ROPI$EBA8$MICROLIB$REQ8$PRES8$EABIv2 0x00000000   Number         0  anon$$obj.o ABSOLUTE
    __ARM_use_no_argv                        0x00000000   Number         0  main.o ABSOLUTE
    __cpp_initialize__aeabi_                  - Undefined Weak Reference
    __cxa_finalize                            - Undefined Weak Reference
    _clock_init                               - Undefined Weak Reference
    _microlib_exit                            - Undefined Weak Reference
    __Vectors_Size                           0x00000188   Number         0  startup_stm32f40_41xxx.o ABSOLUTE
    __Vectors                                0x08000000   Data           4  startup_stm32f40_41xxx.o(RESET)
    __Vectors_End                            0x08000188   Data           0  startup_stm32f40_41xxx.o(RESET)
    __main                                   0x08000189   Thumb Code     0  entry.o(.ARM.Collect$$$$00000000)
    _main_stk                                0x08000189   Thumb Code     0  entry2.o(.ARM.Collect$$$$00000001)
    _main_scatterload                        0x0800018d   Thumb Code     0  entry5.o(.ARM.Collect$$$$00000004)
    __main_after_scatterload                 0x08000191   Thumb Code     0  entry5.o(.ARM.Collect$$$$00000004)
    _main_clock                              0x08000191   Thumb Code     0  entry7b.o(.ARM.Collect$$$$00000008)
    _main_cpp_init                           0x08000191   Thumb Code     0  entry8b.o(.ARM.Collect$$$$0000000A)
    _main_init                               0x08000191   Thumb Code     0  entry9a.o(.ARM.Collect$$$$0000000B)
    __rt_final_cpp                           0x08000199   Thumb Code     0  entry10a.o(.ARM.Collect$$$$0000000D)
    __rt_final_exit                          0x08000199   Thumb Code     0  entry11a.o(.ARM.Collect$$$$0000000F)
    Reset_Handler                            0x0800019d   Thumb Code     8  startup_stm32f40_41xxx.o(.text)
    NMI_Handler                              0x080001a5   Thumb Code     2  startup_stm32f40_41xxx.o(.text)
    HardFault_Handler                        0x080001a7   Thumb Code     2  startup_stm32f40_41xxx.o(.text)
    MemManage_Handler                        0x080001a9   Thumb Code     2  startup_stm32f40_41xxx.o(.text)
    BusFault_Handler                         0x080001ab   Thumb Code     2  startup_stm32f40_41xxx.o(.text)
    UsageFault_Handler                       0x080001ad   Thumb Code     2  startup_stm32f40_41xxx.o(.text)
    SVC_Handler                              0x080001af   Thumb Code     2  startup_stm32f40_41xxx.o(.text)
    DebugMon_Handler                         0x080001b1   Thumb Code     2  startup_stm32f40_41xxx.o(.text)
    PendSV_Handler                           0x080001b3   Thumb Code     2  startup_stm32f40_41xxx.o(.text)
    SysTick_Handler                          0x080001b5   Thumb Code     2  startup_stm32f40_41xxx.o(.text)
    ADC_IRQHandler                           0x080001b7   Thumb Code     0  startup_stm32f40_41xxx.o(.text)
    CAN1_RX0_IRQHandler                      0x080001b7   Thumb Code     0  startup_stm32f40_41xxx.o(.text)
    CAN1_RX1_IRQHandler                      0x080001b7   Thumb Code     0  startup_stm32f40_41xxx.o(.text)
    CAN1_SCE_IRQHandler                      0x080001b7   Thumb Code     0  startup_stm32f40_41xxx.o(.text)
    CAN1_TX_IRQHandler                       0x080001b7   Thumb Code     0  startup_stm32f40_41xxx.o(.text)
    CAN2_RX0_IRQHandler                      0x080001b7   Thumb Code     0  startup_stm32f40_41xxx.o(.text)
    CAN2_RX1_IRQHandler                      0x080001b7   Thumb Code     0  startup_stm32f40_41xxx.o(.text)
    CAN2_SCE_IRQHandler                      0x080001b7   Thumb Code     0  startup_stm32f40_41xxx.o(.text)
    CAN2_TX_IRQHandler                       0x080001b7   Thumb Code     0  startup_stm32f40_41xxx.o(.text)
    CRYP_IRQHandler                          0x080001b7   Thumb Code     0  startup_stm32f40_41xxx.o(.text)
    DCMI_IRQHandler                          0x080001b7   Thumb Code     0  startup_stm32f40_41xxx.o(.text)
    DMA1_Stream1_IRQHandler                  0x080001b7   Thumb Code     0  startup_stm32f40_41xxx.o(.text)
    DMA1_Stream2_IRQHandler                  0x080001b7   Thumb Code     0  startup_stm32f40_41xxx.o(.text)
    DMA1_Stream5_IRQHandler                  0x080001b7   Thumb Code     0  startup_stm32f40_41xxx.o(.text)
    DMA1_Stream6_IRQHandler                  0x080001b7   Thumb Code     0  startup_stm32f40_41xxx.o(.text)
    DMA2_Stream1_IRQHandler                  0x080001b7   Thumb Code     0  startup_stm32f40_41xxx.o(.text)
    DMA2_Stream2_IRQHandler                  0x080001b7   Thumb Code     0  startup_stm32f40_41xxx.o(.text)
    DMA2_Stream3_IRQHandler                  0x080001b7   Thumb Code     0  startup_stm32f40_41xxx.o(.text)
    DMA2_Stream4_IRQHandler                  0x080001b7   Thumb Code     0  startup_stm32f40_41xxx.o(.text)
    DMA2_Stream6_IRQHandler                  0x080001b7   Thumb Code     0  startup_stm32f40_41xxx.o(.text)
    DMA2_Stream7_IRQHandler                  0x080001b7   Thumb Code     0  startup_stm32f40_41xxx.o(.text)
    ETH_IRQHandler                           0x080001b7   Thumb Code     0  startup_stm32f40_41xxx.o(.text)
    ETH_WKUP_IRQHandler                      0x080001b7   Thumb Code     0  startup_stm32f40_41xxx.o(.text)
    EXTI0_IRQHandler                         0x080001b7   Thumb Code     0  startup_stm32f40_41xxx.o(.text)
    EXTI15_10_IRQHandler                     0x080001b7   Thumb Code     0  startup_stm32f40_41xxx.o(.text)
    EXTI1_IRQHandler                         0x080001b7   Thumb Code     0  startup_stm32f40_41xxx.o(.text)
    EXTI2_IRQHandler                         0x080001b7   Thumb Code     0  startup_stm32f40_41xxx.o(.text)
    EXTI3_IRQHandler                         0x080001b7   Thumb Code     0  startup_stm32f40_41xxx.o(.text)
    EXTI4_IRQHandler                         0x080001b7   Thumb Code     0  startup_stm32f40_41xxx.o(.text)
    EXTI9_5_IRQHandler                       0x080001b7   Thumb Code     0  startup_stm32f40_41xxx.o(.text)
    FLASH_IRQHandler                         0x080001b7   Thumb Code     0  startup_stm32f40_41xxx.o(.text)
    FPU_IRQHandler                           0x080001b7   Thumb Code     0  startup_stm32f40_41xxx.o(.text)
    FSMC_IRQHandler                          0x080001b7   Thumb Code     0  startup_stm32f40_41xxx.o(.text)
    HASH_RNG_IRQHandler                      0x080001b7   Thumb Code     0  startup_stm32f40_41xxx.o(.text)
    I2C1_ER_IRQHandler                       0x080001b7   Thumb Code     0  startup_stm32f40_41xxx.o(.text)
    I2C1_EV_IRQHandler                       0x080001b7   Thumb Code     0  startup_stm32f40_41xxx.o(.text)
    I2C2_ER_IRQHandler                       0x080001b7   Thumb Code     0  startup_stm32f40_41xxx.o(.text)
    I2C2_EV_IRQHandler                       0x080001b7   Thumb Code     0  startup_stm32f40_41xxx.o(.text)
    I2C3_ER_IRQHandler                       0x080001b7   Thumb Code     0  startup_stm32f40_41xxx.o(.text)
    I2C3_EV_IRQHandler                       0x080001b7   Thumb Code     0  startup_stm32f40_41xxx.o(.text)
    OTG_FS_IRQHandler                        0x080001b7   Thumb Code     0  startup_stm32f40_41xxx.o(.text)
    OTG_FS_WKUP_IRQHandler                   0x080001b7   Thumb Code     0  startup_stm32f40_41xxx.o(.text)
    OTG_HS_EP1_IN_IRQHandler                 0x080001b7   Thumb Code     0  startup_stm32f40_41xxx.o(.text)
    OTG_HS_EP1_OUT_IRQHandler                0x080001b7   Thumb Code     0  startup_stm32f40_41xxx.o(.text)
    OTG_HS_IRQHandler                        0x080001b7   Thumb Code     0  startup_stm32f40_41xxx.o(.text)
    OTG_HS_WKUP_IRQHandler                   0x080001b7   Thumb Code     0  startup_stm32f40_41xxx.o(.text)
    PVD_IRQHandler                           0x080001b7   Thumb Code     0  startup_stm32f40_41xxx.o(.text)
    RCC_IRQHandler                           0x080001b7   Thumb Code     0  startup_stm32f40_41xxx.o(.text)
    RTC_Alarm_IRQHandler                     0x080001b7   Thumb Code     0  startup_stm32f40_41xxx.o(.text)
    RTC_WKUP_IRQHandler                      0x080001b7   Thumb Code     0  startup_stm32f40_41xxx.o(.text)
    SDIO_IRQHandler                          0x080001b7   Thumb Code     0  startup_stm32f40_41xxx.o(.text)
    SPI1_IRQHandler                          0x080001b7   Thumb Code     0  startup_stm32f40_41xxx.o(.text)
    SPI2_IRQHandler                          0x080001b7   Thumb Code     0  startup_stm32f40_41xxx.o(.text)
    SPI3_IRQHandler                          0x080001b7   Thumb Code     0  startup_stm32f40_41xxx.o(.text)
    TAMP_STAMP_IRQHandler                    0x080001b7   Thumb Code     0  startup_stm32f40_41xxx.o(.text)
    TIM1_BRK_TIM9_IRQHandler                 0x080001b7   Thumb Code     0  startup_stm32f40_41xxx.o(.text)
    TIM1_CC_IRQHandler                       0x080001b7   Thumb Code     0  startup_stm32f40_41xxx.o(.text)
    TIM1_TRG_COM_TIM11_IRQHandler            0x080001b7   Thumb Code     0  startup_stm32f40_41xxx.o(.text)
    TIM1_UP_TIM10_IRQHandler                 0x080001b7   Thumb Code     0  startup_stm32f40_41xxx.o(.text)
    TIM2_IRQHandler                          0x080001b7   Thumb Code     0  startup_stm32f40_41xxx.o(.text)
    TIM3_IRQHandler                          0x080001b7   Thumb Code     0  startup_stm32f40_41xxx.o(.text)
    TIM4_IRQHandler                          0x080001b7   Thumb Code     0  startup_stm32f40_41xxx.o(.text)
    TIM5_IRQHandler                          0x080001b7   Thumb Code     0  startup_stm32f40_41xxx.o(.text)
    TIM6_DAC_IRQHandler                      0x080001b7   Thumb Code     0  startup_stm32f40_41xxx.o(.text)
    TIM7_IRQHandler                          0x080001b7   Thumb Code     0  startup_stm32f40_41xxx.o(.text)
    TIM8_BRK_TIM12_IRQHandler                0x080001b7   Thumb Code     0  startup_stm32f40_41xxx.o(.text)
    TIM8_CC_IRQHandler                       0x080001b7   Thumb Code     0  startup_stm32f40_41xxx.o(.text)
    TIM8_TRG_COM_TIM14_IRQHandler            0x080001b7   Thumb Code     0  startup_stm32f40_41xxx.o(.text)
    TIM8_UP_TIM13_IRQHandler                 0x080001b7   Thumb Code     0  startup_stm32f40_41xxx.o(.text)
    UART4_IRQHandler                         0x080001b7   Thumb Code     0  startup_stm32f40_41xxx.o(.text)
    UART5_IRQHandler                         0x080001b7   Thumb Code     0  startup_stm32f40_41xxx.o(.text)
    USART2_IRQHandler                        0x080001b7   Thumb Code     0  startup_stm32f40_41xxx.o(.text)
    USART3_IRQHandler                        0x080001b7   Thumb Code     0  startup_stm32f40_41xxx.o(.text)
    USART6_IRQHandler                        0x080001b7   Thumb Code     0  startup_stm32f40_41xxx.o(.text)
    WWDG_IRQHandler                          0x080001b7   Thumb Code     0  startup_stm32f40_41xxx.o(.text)
    __aeabi_memcpy                           0x080001c1   Thumb Code    36  memcpya.o(.text)
    __aeabi_memcpy4                          0x080001c1   Thumb Code     0  memcpya.o(.text)
    __aeabi_memcpy8                          0x080001c1   Thumb Code     0  memcpya.o(.text)
    __scatterload                            0x080001e5   Thumb Code    28  init.o(.text)
    __scatterload_rt2                        0x080001e5   Thumb Code     0  init.o(.text)
    __decompress                             0x08000209   Thumb Code     0  __dczerorl2.o(.text)
    __decompress1                            0x08000209   Thumb Code    92  __dczerorl2.o(.text)
    DMA1_Stream0_IRQHandler                  0x08000265   Thumb Code    18  hdspi.o(i.DMA1_Stream0_IRQHandler)
    DMA1_Stream3_IRQHandler                  0x0800027d   Thumb Code    34  hdspi.o(i.DMA1_Stream3_IRQHandler)
    DMA1_Stream4_IRQHandler                  0x080002a9   Thumb Code    32  hdspi.o(i.DMA1_Stream4_IRQHandler)
    DMA1_Stream7_IRQHandler                  0x080002d1   Thumb Code    20  hdspi.o(i.DMA1_Stream7_IRQHandler)
    DMA2_Stream0_IRQHandler                  0x080002e9   Thumb Code    30  hdspi.o(i.DMA2_Stream0_IRQHandler)
    DMA2_Stream5_IRQHandler                  0x08000311   Thumb Code    46  hdspi.o(i.DMA2_Stream5_IRQHandler)
    FLASH_DataCacheCmd                       0x0800034d   Thumb Code    22  stm32f4xx_flash.o(i.FLASH_DataCacheCmd)
    FLASH_InstructionCacheCmd                0x08000369   Thumb Code    22  stm32f4xx_flash.o(i.FLASH_InstructionCacheCmd)
    FLASH_PrefetchBufferCmd                  0x08000385   Thumb Code    22  stm32f4xx_flash.o(i.FLASH_PrefetchBufferCmd)
    FLASH_SetLatency                         0x080003a1   Thumb Code     6  stm32f4xx_flash.o(i.FLASH_SetLatency)
    GPIO_PinAFConfig                         0x080003ad   Thumb Code    32  stm32f4xx_gpio.o(i.GPIO_PinAFConfig)
    Init                                     0x080003cd   Thumb Code    34  hardware.o(i.Init)
    NVIC_Init                                0x080003fd   Thumb Code    92  misc.o(i.NVIC_Init)
    NVIC_PriorityGroupConfig                 0x08000461   Thumb Code    10  misc.o(i.NVIC_PriorityGroupConfig)
    RCC_AHB1PeriphClockCmd                   0x08000475   Thumb Code    18  stm32f4xx_rcc.o(i.RCC_AHB1PeriphClockCmd)
    RCC_APB1PeriphClockCmd                   0x0800048d   Thumb Code    18  stm32f4xx_rcc.o(i.RCC_APB1PeriphClockCmd)
    RCC_Configuration                        0x080004a5   Thumb Code   464  hardware.o(i.RCC_Configuration)
    RCC_DeInit                               0x08000675   Thumb Code    48  stm32f4xx_rcc.o(i.RCC_DeInit)
    RCC_GetClocksFreq                        0x080006b1   Thumb Code   132  stm32f4xx_rcc.o(i.RCC_GetClocksFreq)
    RCC_GetFlagStatus                        0x08000741   Thumb Code    46  stm32f4xx_rcc.o(i.RCC_GetFlagStatus)
    RCC_HCLKConfig                           0x08000775   Thumb Code    14  stm32f4xx_rcc.o(i.RCC_HCLKConfig)
    RCC_HSEConfig                            0x08000789   Thumb Code    10  stm32f4xx_rcc.o(i.RCC_HSEConfig)
    RCC_PCLK1Config                          0x08000799   Thumb Code    14  stm32f4xx_rcc.o(i.RCC_PCLK1Config)
    RCC_PCLK2Config                          0x080007ad   Thumb Code    16  stm32f4xx_rcc.o(i.RCC_PCLK2Config)
    RCC_PLLCmd                               0x080007c1   Thumb Code     6  stm32f4xx_rcc.o(i.RCC_PLLCmd)
    RCC_PLLConfig                            0x080007cd   Thumb Code    30  stm32f4xx_rcc.o(i.RCC_PLLConfig)
    RCC_SYSCLKConfig                         0x080007f5   Thumb Code    14  stm32f4xx_rcc.o(i.RCC_SYSCLKConfig)
    RCC_WaitForHSEStartUp                    0x08000809   Thumb Code    44  stm32f4xx_rcc.o(i.RCC_WaitForHSEStartUp)
    SPI0_DMA_DoInterruptAny                  0x08000835   Thumb Code   142  hdspi.o(i.SPI0_DMA_DoInterruptAny)
    SPI0_DMA_DoInterruptRX                   0x080008c9   Thumb Code   210  hdspi.o(i.SPI0_DMA_DoInterruptRX)
    SPI0_DMA_DoInterruptTX                   0x080009b1   Thumb Code   210  hdspi.o(i.SPI0_DMA_DoInterruptTX)
    SPI0_DMA_SetUpM                          0x08000a99   Thumb Code   156  hdspi.o(i.SPI0_DMA_SetUpM)
    SPI0_GPIO                                0x08000b55   Thumb Code   460  hdspi.o(i.SPI0_GPIO)
    SPI1_DMA_DoInterruptAny                  0x08000d29   Thumb Code   142  hdspi.o(i.SPI1_DMA_DoInterruptAny)
    SPI1_DMA_DoInterruptRX                   0x08000dbd   Thumb Code   210  hdspi.o(i.SPI1_DMA_DoInterruptRX)
    SPI1_DMA_DoInterruptTX                   0x08000ea5   Thumb Code   210  hdspi.o(i.SPI1_DMA_DoInterruptTX)
    SPI1_DMA_SetUpM                          0x08000f8d   Thumb Code   156  hdspi.o(i.SPI1_DMA_SetUpM)
    SPI1_GPIO                                0x08001049   Thumb Code   448  hdspi.o(i.SPI1_GPIO)
    SPI2_DMA_DoInterruptAny                  0x0800121d   Thumb Code   142  hdspi.o(i.SPI2_DMA_DoInterruptAny)
    SPI2_DMA_DoInterruptRX                   0x080012b1   Thumb Code   190  hdspi.o(i.SPI2_DMA_DoInterruptRX)
    SPI2_DMA_DoInterruptTX                   0x0800137d   Thumb Code   190  hdspi.o(i.SPI2_DMA_DoInterruptTX)
    SPI2_DMA_SetUpM                          0x08001449   Thumb Code   138  hdspi.o(i.SPI2_DMA_SetUpM)
    SPI2_GPIO                                0x080014e9   Thumb Code   306  hdspi.o(i.SPI2_GPIO)
    SPI3_DMA_DoInterruptAny                  0x08001629   Thumb Code   142  hdspi.o(i.SPI3_DMA_DoInterruptAny)
    SPI3_DMA_DoInterruptRX                   0x080016bd   Thumb Code   198  hdspi.o(i.SPI3_DMA_DoInterruptRX)
    SPI3_DMA_DoInterruptTX                   0x08001791   Thumb Code   198  hdspi.o(i.SPI3_DMA_DoInterruptTX)
    SPI3_DMA_End                             0x08001865   Thumb Code    56  hdspi.o(i.SPI3_DMA_End)
    SPI3_DMA_Init                            0x080018a9   Thumb Code    76  hdspi.o(i.SPI3_DMA_Init)
    SPI3_DMA_SetInterrupt                    0x080018fd   Thumb Code     6  hdspi.o(i.SPI3_DMA_SetInterrupt)
    SPI3_DMA_SetUp                           0x08001909   Thumb Code    30  hdspi.o(i.SPI3_DMA_SetUp)
    SPI3_DMA_SetUpM                          0x0800192d   Thumb Code   138  hdspi.o(i.SPI3_DMA_SetUpM)
    SPI3_DMA_Start                           0x080019cd   Thumb Code    68  hdspi.o(i.SPI3_DMA_Start)
    SPI3_GPIO                                0x08001a1d   Thumb Code   296  hdspi.o(i.SPI3_GPIO)
    SPI3_GPIO_ON                             0x08001b55   Thumb Code    16  hdspi.o(i.SPI3_GPIO_ON)
    SPI3_Init                                0x08001b69   Thumb Code    94  hdspi.o(i.SPI3_Init)
    SPI_BuferTransferInit                    0x08001bcd   Thumb Code    44  spi_tets.o(i.SPI_BuferTransferInit)
    SPI_Cmd                                  0x08001c01   Thumb Code    20  stm32f4xx_spi.o(i.SPI_Cmd)
    SPI_Init                                 0x08001c15   Thumb Code    56  stm32f4xx_spi.o(i.SPI_Init)
    SelectInitGPIO                           0x08001c4d   Thumb Code     2  hardware.o(i.SelectInitGPIO)
    SystemInit                               0x08001c51   Thumb Code    22  hardware.o(i.SystemInit)
    USART1_IRQHandler                        0x08001c6d   Thumb Code   114  interface.o(i.USART1_IRQHandler)
    USART_GetITStatus                        0x08001ced   Thumb Code    62  stm32f4xx_usart.o(i.USART_GetITStatus)
    USART_ITConfig                           0x08001d2b   Thumb Code    48  stm32f4xx_usart.o(i.USART_ITConfig)
    USART_ReceiveData                        0x08001d5b   Thumb Code     8  stm32f4xx_usart.o(i.USART_ReceiveData)
    USART_SendData                           0x08001d63   Thumb Code     8  stm32f4xx_usart.o(i.USART_SendData)
    __scatterload_copy                       0x08001d6b   Thumb Code    14  handlers.o(i.__scatterload_copy)
    __scatterload_null                       0x08001d79   Thumb Code     2  handlers.o(i.__scatterload_null)
    __scatterload_zeroinit                   0x08001d7b   Thumb Code    14  handlers.o(i.__scatterload_zeroinit)
    hdGPIO_Setup                             0x08001d89   Thumb Code   246  hdports.o(i.hdGPIO_Setup)
    hdIntSwitchInterruptToRAM                0x08001e81   Thumb Code    44  hdinterrupt.o(i.hdIntSwitchInterruptToRAM)
    hdSPI_SoftPool                           0x08001eb9   Thumb Code   314  hdspi.o(i.hdSPI_SoftPool)
    lerfuSpiBufEvent                         0x08001ff5   Thumb Code    64  spi_tets.o(i.lerfuSpiBufEvent)
    main                                     0x08002041   Thumb Code    18  main.o(i.main)
    rb_fifo_free                             0x08002053   Thumb Code    16  rb_fifo.o(i.rb_fifo_free)
    rb_fifo_rd                               0x08002063   Thumb Code    30  rb_fifo.o(i.rb_fifo_rd)
    rb_fifo_size                             0x08002081   Thumb Code    12  rb_fifo.o(i.rb_fifo_size)
    rb_fifo_wr_blk                           0x0800208d   Thumb Code   322  rb_fifo.o(i.rb_fifo_wr_blk)
    Region$$Table$$Base                      0x080021d0   Number         0  anon$$obj.o(Region$$Table)
    Region$$Table$$Limit                     0x080021f0   Number         0  anon$$obj.o(Region$$Table)
    testSPIbufO                              0x20000000   Data           4  spi_tets.o(.data)
    testSPIbufI                              0x20000004   Data           4  spi_tets.o(.data)
    SPI0_AB_SEL                              0x20000018   Data           1  hdspi.o(.data)
    SPI0_Flag                                0x20000019   Data           1  hdspi.o(.data)
    SPI0_isDMA                               0x2000001a   Data           1  hdspi.o(.data)
    SPI1_Flag                                0x2000001b   Data           1  hdspi.o(.data)
    SPI1_isDMA                               0x2000001c   Data           1  hdspi.o(.data)
    SPI2_Flag                                0x2000001d   Data           1  hdspi.o(.data)
    SPI2_isDMA                               0x2000001e   Data           1  hdspi.o(.data)
    SPI3_Flag                                0x2000001f   Data           1  hdspi.o(.data)
    SPI3_isDMA                               0x20000020   Data           1  hdspi.o(.data)
    SPI_CRC8                                 0x20000021   Data           1  hdspi.o(.data)
    SPI0_tmpx                                0x20000022   Data           2  hdspi.o(.data)
    SPI1_tmpx                                0x20000024   Data           2  hdspi.o(.data)
    SPI2_tmpx                                0x20000026   Data           2  hdspi.o(.data)
    SPI3_tmpx                                0x20000028   Data           2  hdspi.o(.data)
    SPI0_Event                               0x2000002c   Data           4  hdspi.o(.data)
    SPI1_Event                               0x20000030   Data           4  hdspi.o(.data)
    SPI2_Event                               0x20000034   Data           4  hdspi.o(.data)
    SPI3_Event                               0x20000038   Data           4  hdspi.o(.data)
    SPI0hsSPI_Work                           0x2000003c   Data          40  hdspi.o(.data)
    SPI1hsSPI_Work                           0x20000064   Data          40  hdspi.o(.data)
    SPI2hsSPI_Work                           0x2000008c   Data          40  hdspi.o(.data)
    SPI3hsSPI_Work                           0x200000b4   Data          40  hdspi.o(.data)
    PCLK1_NOP                                0x200000dc   Data           2  hdtimers.o(.data)
    Timer_CounterX                           0x200000e0   Data           4  hdtimers.o(.data)
    Timer_1mcs_CounterX                      0x200000e4   Data           4  hdtimers.o(.data)
    Timer_1ms_CounterX                       0x200000e8   Data           4  hdtimers.o(.data)
    uart_RS_fifo_in                          0x200000f8   Data          16  interface.o(.data)
    uart_RS_fifo_out                         0x20000108   Data          16  interface.o(.data)
    vectorTable_RAM                          0x20000200   Data        1024  hdinterrupt.o(ccmram)
    MPU_ClocksStatus                         0x20000600   Data          16  hdtimers.o(.bss)
    uart_RS_fifo_in_buf                      0x20000610   Data         256  interface.o(.bss)
    uart_RS_fifo_out_buf                     0x20000710   Data         256  interface.o(.bss)
    __initial_sp                             0x20000c10   Data           0  startup_stm32f40_41xxx.o(STACK)



==============================================================================

Memory Map of the image

  Image Entry point : 0x08000189

  Load Region LR_IROM1 (Base: 0x08000000, Size: 0x000027f0, Max: 0x00100000, ABSOLUTE, COMPRESSED[0x00002228])

    Execution Region ER_IROM1 (Base: 0x08000000, Size: 0x000021f0, Max: 0x00100000, ABSOLUTE)

    Base Addr    Size         Type   Attr      Idx    E Section Name        Object

    0x08000000   0x00000188   Data   RO            3    RESET               startup_stm32f40_41xxx.o
    0x08000188   0x00000000   Code   RO         6515  * .ARM.Collect$$$$00000000  mc_w.l(entry.o)
    0x08000188   0x00000004   Code   RO         6552    .ARM.Collect$$$$00000001  mc_w.l(entry2.o)
    0x0800018c   0x00000004   Code   RO         6555    .ARM.Collect$$$$00000004  mc_w.l(entry5.o)
    0x08000190   0x00000000   Code   RO         6557    .ARM.Collect$$$$00000008  mc_w.l(entry7b.o)
    0x08000190   0x00000000   Code   RO         6559    .ARM.Collect$$$$0000000A  mc_w.l(entry8b.o)
    0x08000190   0x00000008   Code   RO         6560    .ARM.Collect$$$$0000000B  mc_w.l(entry9a.o)
    0x08000198   0x00000000   Code   RO         6562    .ARM.Collect$$$$0000000D  mc_w.l(entry10a.o)
    0x08000198   0x00000000   Code   RO         6564    .ARM.Collect$$$$0000000F  mc_w.l(entry11a.o)
    0x08000198   0x00000004   Code   RO         6553    .ARM.Collect$$$$00002712  mc_w.l(entry2.o)
    0x0800019c   0x00000024   Code   RO            4    .text               startup_stm32f40_41xxx.o
    0x080001c0   0x00000024   Code   RO         6518    .text               mc_w.l(memcpya.o)
    0x080001e4   0x00000024   Code   RO         6577    .text               mc_w.l(init.o)
    0x08000208   0x0000005c   Code   RO         6587    .text               mc_w.l(__dczerorl2.o)
    0x08000264   0x00000018   Code   RO         5249    i.DMA1_Stream0_IRQHandler  hdspi.o
    0x0800027c   0x0000002c   Code   RO         5250    i.DMA1_Stream3_IRQHandler  hdspi.o
    0x080002a8   0x00000028   Code   RO         5251    i.DMA1_Stream4_IRQHandler  hdspi.o
    0x080002d0   0x00000018   Code   RO         5252    i.DMA1_Stream7_IRQHandler  hdspi.o
    0x080002e8   0x00000028   Code   RO         5253    i.DMA2_Stream0_IRQHandler  hdspi.o
    0x08000310   0x0000003c   Code   RO         5254    i.DMA2_Stream5_IRQHandler  hdspi.o
    0x0800034c   0x0000001c   Code   RO         1403    i.FLASH_DataCacheCmd  stm32f4xx_flash.o
    0x08000368   0x0000001c   Code   RO         1410    i.FLASH_InstructionCacheCmd  stm32f4xx_flash.o
    0x08000384   0x0000001c   Code   RO         1424    i.FLASH_PrefetchBufferCmd  stm32f4xx_flash.o
    0x080003a0   0x0000000c   Code   RO         1429    i.FLASH_SetLatency  stm32f4xx_flash.o
    0x080003ac   0x00000020   Code   RO         1732    i.GPIO_PinAFConfig  stm32f4xx_gpio.o
    0x080003cc   0x00000030   Code   RO         4885    i.Init              hardware.o
    0x080003fc   0x00000064   Code   RO          222    i.NVIC_Init         misc.o
    0x08000460   0x00000014   Code   RO          223    i.NVIC_PriorityGroupConfig  misc.o
    0x08000474   0x00000018   Code   RO         2353    i.RCC_AHB1PeriphClockCmd  stm32f4xx_rcc.o
    0x0800048c   0x00000018   Code   RO         2362    i.RCC_APB1PeriphClockCmd  stm32f4xx_rcc.o
    0x080004a4   0x000001d0   Code   RO         4887    i.RCC_Configuration  hardware.o
    0x08000674   0x0000003c   Code   RO         2373    i.RCC_DeInit        stm32f4xx_rcc.o
    0x080006b0   0x00000090   Code   RO         2374    i.RCC_GetClocksFreq  stm32f4xx_rcc.o
    0x08000740   0x00000034   Code   RO         2375    i.RCC_GetFlagStatus  stm32f4xx_rcc.o
    0x08000774   0x00000014   Code   RO         2378    i.RCC_HCLKConfig    stm32f4xx_rcc.o
    0x08000788   0x00000010   Code   RO         2379    i.RCC_HSEConfig     stm32f4xx_rcc.o
    0x08000798   0x00000014   Code   RO         2387    i.RCC_PCLK1Config   stm32f4xx_rcc.o
    0x080007ac   0x00000014   Code   RO         2388    i.RCC_PCLK2Config   stm32f4xx_rcc.o
    0x080007c0   0x0000000c   Code   RO         2389    i.RCC_PLLCmd        stm32f4xx_rcc.o
    0x080007cc   0x00000028   Code   RO         2390    i.RCC_PLLConfig     stm32f4xx_rcc.o
    0x080007f4   0x00000014   Code   RO         2395    i.RCC_SYSCLKConfig  stm32f4xx_rcc.o
    0x08000808   0x0000002c   Code   RO         2396    i.RCC_WaitForHSEStartUp  stm32f4xx_rcc.o
    0x08000834   0x00000094   Code   RO         5256    i.SPI0_DMA_DoInterruptAny  hdspi.o
    0x080008c8   0x000000e8   Code   RO         5257    i.SPI0_DMA_DoInterruptRX  hdspi.o
    0x080009b0   0x000000e8   Code   RO         5258    i.SPI0_DMA_DoInterruptTX  hdspi.o
    0x08000a98   0x000000bc   Code   RO         5268    i.SPI0_DMA_SetUpM   hdspi.o
    0x08000b54   0x000001d4   Code   RO         5273    i.SPI0_GPIO         hdspi.o
    0x08000d28   0x00000094   Code   RO         5291    i.SPI1_DMA_DoInterruptAny  hdspi.o
    0x08000dbc   0x000000e8   Code   RO         5292    i.SPI1_DMA_DoInterruptRX  hdspi.o
    0x08000ea4   0x000000e8   Code   RO         5293    i.SPI1_DMA_DoInterruptTX  hdspi.o
    0x08000f8c   0x000000bc   Code   RO         5303    i.SPI1_DMA_SetUpM   hdspi.o
    0x08001048   0x000001d4   Code   RO         5308    i.SPI1_GPIO         hdspi.o
    0x0800121c   0x00000094   Code   RO         5326    i.SPI2_DMA_DoInterruptAny  hdspi.o
    0x080012b0   0x000000cc   Code   RO         5327    i.SPI2_DMA_DoInterruptRX  hdspi.o
    0x0800137c   0x000000cc   Code   RO         5328    i.SPI2_DMA_DoInterruptTX  hdspi.o
    0x08001448   0x000000a0   Code   RO         5338    i.SPI2_DMA_SetUpM   hdspi.o
    0x080014e8   0x00000140   Code   RO         5343    i.SPI2_GPIO         hdspi.o
    0x08001628   0x00000094   Code   RO         5361    i.SPI3_DMA_DoInterruptAny  hdspi.o
    0x080016bc   0x000000d4   Code   RO         5362    i.SPI3_DMA_DoInterruptRX  hdspi.o
    0x08001790   0x000000d4   Code   RO         5363    i.SPI3_DMA_DoInterruptTX  hdspi.o
    0x08001864   0x00000044   Code   RO         5364    i.SPI3_DMA_End      hdspi.o
    0x080018a8   0x00000054   Code   RO         5366    i.SPI3_DMA_Init     hdspi.o
    0x080018fc   0x0000000c   Code   RO         5371    i.SPI3_DMA_SetInterrupt  hdspi.o
    0x08001908   0x00000024   Code   RO         5372    i.SPI3_DMA_SetUp    hdspi.o
    0x0800192c   0x000000a0   Code   RO         5373    i.SPI3_DMA_SetUpM   hdspi.o
    0x080019cc   0x00000050   Code   RO         5374    i.SPI3_DMA_Start    hdspi.o
    0x08001a1c   0x00000138   Code   RO         5378    i.SPI3_GPIO         hdspi.o
    0x08001b54   0x00000014   Code   RO         5380    i.SPI3_GPIO_ON      hdspi.o
    0x08001b68   0x00000064   Code   RO         5382    i.SPI3_Init         hdspi.o
    0x08001bcc   0x00000034   Code   RO          187    i.SPI_BuferTransferInit  spi_tets.o
    0x08001c00   0x00000014   Code   RO         3258    i.SPI_Cmd           stm32f4xx_spi.o
    0x08001c14   0x00000038   Code   RO         3271    i.SPI_Init          stm32f4xx_spi.o
    0x08001c4c   0x00000002   Code   RO         4888    i.SelectInitGPIO    hardware.o
    0x08001c4e   0x00000002   PAD
    0x08001c50   0x0000001c   Code   RO         4890    i.SystemInit        hardware.o
    0x08001c6c   0x00000080   Code   RO         6330    i.USART1_IRQHandler  interface.o
    0x08001cec   0x0000003e   Code   RO         4027    i.USART_GetITStatus  stm32f4xx_usart.o
    0x08001d2a   0x00000030   Code   RO         4029    i.USART_ITConfig    stm32f4xx_usart.o
    0x08001d5a   0x00000008   Code   RO         4037    i.USART_ReceiveData  stm32f4xx_usart.o
    0x08001d62   0x00000008   Code   RO         4040    i.USART_SendData    stm32f4xx_usart.o
    0x08001d6a   0x0000000e   Code   RO         6581    i.__scatterload_copy  mc_w.l(handlers.o)
    0x08001d78   0x00000002   Code   RO         6582    i.__scatterload_null  mc_w.l(handlers.o)
    0x08001d7a   0x0000000e   Code   RO         6583    i.__scatterload_zeroinit  mc_w.l(handlers.o)
    0x08001d88   0x000000f6   Code   RO         5213    i.hdGPIO_Setup      hdports.o
    0x08001e7e   0x00000002   PAD
    0x08001e80   0x00000038   Code   RO         5178    i.hdIntSwitchInterruptToRAM  hdinterrupt.o
    0x08001eb8   0x0000013a   Code   RO         5401    i.hdSPI_SoftPool    hdspi.o
    0x08001ff2   0x00000002   PAD
    0x08001ff4   0x0000004c   Code   RO          189    i.lerfuSpiBufEvent  spi_tets.o
    0x08002040   0x00000012   Code   RO           12    i.main              main.o
    0x08002052   0x00000010   Code   RO         4436    i.rb_fifo_free      rb_fifo.o
    0x08002062   0x0000001e   Code   RO         4443    i.rb_fifo_rd        rb_fifo.o
    0x08002080   0x0000000c   Code   RO         4447    i.rb_fifo_size      rb_fifo.o
    0x0800208c   0x00000142   Code   RO         4451    i.rb_fifo_wr_blk    rb_fifo.o
    0x080021ce   0x00000002   PAD
    0x080021d0   0x00000020   Data   RO         6579    Region$$Table       anon$$obj.o


    Execution Region RW_IRAM1 (Base: 0x20000000, Size: 0x00000c10, Max: 0x00020000, ABSOLUTE, COMPRESSED[0x00000038])

    Base Addr    Size         Type   Attr      Idx    E Section Name        Object

    0x20000000   0x00000008   Data   RW          190    .data               spi_tets.o
    0x20000008   0x00000010   Data   RW         2397    .data               stm32f4xx_rcc.o
    0x20000018   0x000000c4   Data   RW         5404    .data               hdspi.o
    0x200000dc   0x0000001c   Data   RW         6176    .data               hdtimers.o
    0x200000f8   0x00000020   Data   RW         6339    .data               interface.o
    0x20000118   0x000000e8   PAD
    0x20000200   0x00000400   Data   RW         5179    ccmram              hdinterrupt.o
    0x20000600   0x00000010   Zero   RW         6174    .bss                hdtimers.o
    0x20000610   0x00000100   Zero   RW         6336    .bss                interface.o
    0x20000710   0x00000100   Zero   RW         6337    .bss                interface.o
    0x20000810   0x00000400   Zero   RW            1    STACK               startup_stm32f40_41xxx.o


==============================================================================

Image component sizes


      Code (inc. data)   RO Data    RW Data    ZI Data      Debug   Object Name

       542         32          0          0          0       2761   hardware.o
        56         12          0       1024          0       1494   hdinterrupt.o
       246          8          0          0          0       1475   hdports.o
      5562        502          0        196          0      56313   hdspi.o
         0          0          0         28         16       2373   hdtimers.o
       128         14          0         32        512       9802   interface.o
        18          0          0          0          0     245343   main.o
       120         18          0          0          0       2983   misc.o
       380          0          0          0          0       3598   rb_fifo.o
       128         20          0          8          0       1714   spi_tets.o
        36          8        392          0       1024        816   startup_stm32f40_41xxx.o
        96         24          0          0          0       2026   stm32f4xx_flash.o
        32          0          0          0          0       7191   stm32f4xx_gpio.o
       496         86          0         16          0      21488   stm32f4xx_rcc.o
        76          0          0          0          0       9601   stm32f4xx_spi.o
       126          0          0          0          0       8746   stm32f4xx_usart.o

    ----------------------------------------------------------------------
      8050        724        424       1536       1552     377724   Object Totals
         0          0         32          0          0          0   (incl. Generated)
         8          0          0        232          0          0   (incl. Padding)

    ----------------------------------------------------------------------

      Code (inc. data)   RO Data    RW Data    ZI Data      Debug   Library Member Name

        92          0          0          0          0          0   __dczerorl2.o
         0          0          0          0          0          0   entry.o
         0          0          0          0          0          0   entry10a.o
         0          0          0          0          0          0   entry11a.o
         8          4          0          0          0          0   entry2.o
         4          0          0          0          0          0   entry5.o
         0          0          0          0          0          0   entry7b.o
         0          0          0          0          0          0   entry8b.o
         8          4          0          0          0          0   entry9a.o
        30          0          0          0          0          0   handlers.o
        36          8          0          0          0         68   init.o
        36          0          0          0          0         68   memcpya.o

    ----------------------------------------------------------------------
       214         16          0          0          0        136   Library Totals
         0          0          0          0          0          0   (incl. Padding)

    ----------------------------------------------------------------------

      Code (inc. data)   RO Data    RW Data    ZI Data      Debug   Library Name

       214         16          0          0          0        136   mc_w.l

    ----------------------------------------------------------------------
       214         16          0          0          0        136   Library Totals

    ----------------------------------------------------------------------

==============================================================================


      Code (inc. data)   RO Data    RW Data    ZI Data      Debug   

      8264        740        424       1536       1552     371160   Grand Totals
      8264        740        424         56       1552     371160   ELF Image Totals (compressed)
      8264        740        424         56          0          0   ROM Totals

==============================================================================

    Total RO  Size (Code + RO Data)                 8688 (   8.48kB)
    Total RW  Size (RW Data + ZI Data)              3088 (   3.02kB)
    Total ROM Size (Code + RO Data + RW Data)       8744 (   8.54kB)

==============================================================================

