<html>
<body>
<pre>
<h1>µVision Build Log</h1>
<h2>Project:</h2>
D:\KEIL.PRJ\STM_F4_DISCOVERY_SPI\STM_F4_DISCOVERY_SPI_TEST\STM_F4_DISCOVERY_SPI_TEST.uvproj
Project File Date:  05/24/2021

<h2>Output:</h2>
Build target 'Target 1'
compiling main.c...
compiling SPI_Tets.c...
linking...
Program Size: Code=8264 RO-data=424 RW-data=1536 ZI-data=1552  
FromELF: creating hex file...
".\OBJ\STM_F4_DISCOVERY_SPI_TEST.axf" - 0 Error(s), 0 Warning(s).
 interface.c...
linking...
Program Size: Code=8264 RO-data=424 RW-data=1536 ZI-data=1552  
FromELF: creating hex file...
".\OBJ\STM_F4_DISCOVERY_SPI_TEST.axf" - 0 Error(s), 0 Warning(s).
Load "D:\\KEIL.PRJ\\STM_F4_DISCOVERY_SPI\\STM_F4_DISCOVERY_SPI_TEST\\OBJ\\STM_F4_DISCOVERY_SPI_TEST.axf" 
Erase Done.
Programming Done.
Verify OK.
\\OBJ\\STM_F4_DISCOVERY_SPI_TEST.axf" 
_____^
*** error 56: cannot open file
Error: Flash Download failed  -  Could not load file 'D:\KEIL.PRJ\STM_F4_DISCOVERY_SPI\STM_F4_DISCOVERY_SPI_TEST\OBJ\STM_F4_DISCOVERY_SPI_TEST.axf'
